16%2F06%2F2025#21%3A23#Maaike#000000000000#Project#Updated%20project%20metadata
16%2F06%2F2025#21%3A19#Maaike#sRvvKfE6BTY9#Sentences#Updated%20sentences%20for%20skill%20'Adjectives%20II'
16%2F06%2F2025#21%3A12#Maaike#sRvvKfE6BTY9#Sentences#Updated%20sentences%20for%20skill%20'Adjectives%20II'
16%2F06%2F2025#20%3A48#Maaike#72dyidZ8XkYz#Sentences#Updated%20sentences%20for%20skill%20'Present%20tense'
16%2F06%2F2025#20%3A41#Maaike#72dyidZ8XkYz#Vocab#Updated%20vocabulary%20for%20skill%20'Present%20tense'
16%2F06%2F2025#20%3A39#Maaike#72dyidZ8XkYz#Vocab#Updated%20vocabulary%20for%20skill%20'Present%20tense'
16%2F06%2F2025#20%3A35#Maaike#72dyidZ8XkYz#Vocab#Updated%20vocabulary%20for%20skill%20'Present%20tense'
16%2F06%2F2025#20%3A24#Maaike#72dyidZ8XkYz#Vocab#Updated%20vocabulary%20for%20skill%20'Present%20tense'
16%2F06%2F2025#20%3A02#Maaike#wqWkJOiQWnfh#Sentences#Updated%20sentences%20for%20skill%20'Nouns%20II'
16%2F06%2F2025#19%3A50#Maaike#rC8HOW6k4kKf#Sentences#Updated%20sentences%20for%20skill%20'Adjectives'
16%2F06%2F2025#19%3A25#Maaike#CMTMcVwkiOQJ#Sentences#Updated%20sentences%20for%20skill%20'Nouns%20and%20articles'
16%2F06%2F2025#19%3A20#Maaike#CMTMcVwkiOQJ#Vocab#Updated%20vocabulary%20for%20skill%20'Nouns%20and%20articles'
16%2F06%2F2025#19%3A19#Maaike#CMTMcVwkiOQJ#Vocab#Updated%20vocabulary%20for%20skill%20'Nouns%20and%20articles'
15%2F06%2F2025#22%3A35#Quinn#000000000000#Project#Updated%20project%20metadata
15%2F06%2F2025#22%3A34#Quinn#rC8HOW6k4kKf#Sentences#Updated%20sentences%20for%20skill%20'Adjectives'
15%2F06%2F2025#22%3A28#Quinn#rC8HOW6k4kKf#Sentences#Updated%20sentences%20for%20skill%20'Adjectives'
15%2F06%2F2025#22%3A27#Quinn#CMTMcVwkiOQJ#Vocab#Updated%20vocabulary%20for%20skill%20'Nouns%20and%20articles'
15%2F06%2F2025#22%3A27#Quinn#CMTMcVwkiOQJ#Sentences#Updated%20sentences%20for%20skill%20'Nouns%20and%20articles'
15%2F06%2F2025#22%3A25#Quinn#CMTMcVwkiOQJ#Vocab#Updated%20vocabulary%20for%20skill%20'Nouns%20and%20articles'
15%2F06%2F2025#22%3A25#Quinn#rC8HOW6k4kKf#Sentences#Updated%20sentences%20for%20skill%20'Adjectives'
15%2F06%2F2025#22%3A22#Quinn#rC8HOW6k4kKf#Sentences#Updated%20sentences%20for%20skill%20'Adjectives'
15%2F06%2F2025#22%3A18#Quinn#CMTMcVwkiOQJ#Vocab#Updated%20vocabulary%20for%20skill%20'Nouns%20and%20articles'
14%2F06%2F2025#20%3A26#Quinn#000000000000#Project#Updated%20project%20metadata
14%2F06%2F2025#20%3A23#Quinn#W2xf1aRFsHQw#Sentences#Updated%20sentences%20for%20skill%20'Basic%20words%20and%20phrases'
14%2F06%2F2025#19%3A43#Quinn#000000000000#Project#Updated%20project%20metadata
09%2F06%2F2025#11%3A52#Maaike#000000000000#Project#Updated%20project%20metadata
09%2F06%2F2025#11%3A52#Maaike#rC8HOW6k4kKf#Notes#Updated%20notes%20for%20skill%20'Adjectives'
09%2F06%2F2025#11%3A52#Maaike#72dyidZ8XkYz#Notes#Updated%20notes%20for%20skill%20'Present%20tense'
09%2F06%2F2025#11%3A52#Maaike#clRp9T1B4zXT#Notes#Updated%20notes%20for%20skill%20'To%20go'
09%2F06%2F2025#11%3A51#Maaike#sRvvKfE6BTY9#Notes#Updated%20notes%20for%20skill%20'Adjectives%20II'
09%2F06%2F2025#11%3A51#Maaike#sRvvKfE6BTY9#Vocab#Updated%20vocabulary%20for%20skill%20'Adjectives%20II'
09%2F06%2F2025#11%3A46#Maaike#clRp9T1B4zXT#Sentences#Updated%20sentences%20for%20skill%20'To%20go'
09%2F06%2F2025#11%3A44#Maaike#sRvvKfE6BTY9#Vocab#Updated%20vocabulary%20for%20skill%20'Adjectives%20II'
09%2F06%2F2025#11%3A42#Maaike#8QZCmEtnptd0#Sentences#Updated%20sentences%20for%20skill%20'Plural'
09%2F06%2F2025#11%3A23#Maaike#clRp9T1B4zXT#Sentences#Updated%20sentences%20for%20skill%20'To%20go'
09%2F06%2F2025#11%3A23#Maaike#clRp9T1B4zXT#Sentences#Updated%20sentences%20for%20skill%20'To%20go'
09%2F06%2F2025#11%3A22#Maaike#8QZCmEtnptd0#Sentences#Updated%20sentences%20for%20skill%20'Plural'
09%2F06%2F2025#11%3A18#Maaike#8QZCmEtnptd0#Vocab#Updated%20vocabulary%20for%20skill%20'Plural'
09%2F06%2F2025#11%3A07#Maaike#clRp9T1B4zXT#Vocab#Updated%20vocabulary%20for%20skill%20'To%20go'
09%2F06%2F2025#11%3A07#Maaike#clRp9T1B4zXT#Sentences#Updated%20sentences%20for%20skill%20'To%20go'
09%2F06%2F2025#11%3A07#Maaike#clRp9T1B4zXT#Vocab#Updated%20vocabulary%20for%20skill%20'To%20go'
09%2F06%2F2025#11%3A06#Maaike#8QZCmEtnptd0#Vocab#Updated%20vocabulary%20for%20skill%20'Plural'
09%2F06%2F2025#11%3A06#Maaike#8QZCmEtnptd0#Vocab#Updated%20vocabulary%20for%20skill%20'Plural'
09%2F06%2F2025#11%3A00#Maaike#8QZCmEtnptd0#Vocab#Updated%20vocabulary%20for%20skill%20'Plural'
09%2F06%2F2025#10%3A59#Maaike#wqWkJOiQWnfh#Vocab#Updated%20vocabulary%20for%20skill%20'Nouns%20II'
09%2F06%2F2025#10%3A58#Maaike#8QZCmEtnptd0#Vocab#Updated%20vocabulary%20for%20skill%20'Plural'
09%2F06%2F2025#10%3A52#Maaike#clRp9T1B4zXT#Vocab#Updated%20vocabulary%20for%20skill%20'To%20go'
09%2F06%2F2025#10%3A52#Maaike#72dyidZ8XkYz#Vocab#Updated%20vocabulary%20for%20skill%20'Present%20tense'
09%2F06%2F2025#10%3A51#Maaike#wqWkJOiQWnfh#Vocab#Updated%20vocabulary%20for%20skill%20'Nouns%20II'
09%2F06%2F2025#10%3A51#Maaike#rC8HOW6k4kKf#Vocab#Updated%20vocabulary%20for%20skill%20'Adjectives'
09%2F06%2F2025#10%3A51#Maaike#W2xf1aRFsHQw#Vocab#Updated%20vocabulary%20for%20skill%20'Basic%20words%20and%20phrases'
09%2F06%2F2025#10%3A51#Maaike#8QZCmEtnptd0#Vocab#Updated%20vocabulary%20for%20skill%20'Plural'
09%2F06%2F2025#10%3A47#Maaike#8QZCmEtnptd0#Vocab#Updated%20vocabulary%20for%20skill%20'Plural'
09%2F06%2F2025#10%3A40#Maaike#clRp9T1B4zXT#Sentences#Updated%20sentences%20for%20skill%20'To%20go'
09%2F06%2F2025#10%3A38#Maaike#clRp9T1B4zXT#Sentences#Updated%20sentences%20for%20skill%20'To%20go'
09%2F06%2F2025#10%3A32#Maaike#clRp9T1B4zXT#Vocab#Updated%20vocabulary%20for%20skill%20'To%20go'
09%2F06%2F2025#10%3A26#Maaike#clRp9T1B4zXT#Vocab#Updated%20vocabulary%20for%20skill%20'To%20go'
09%2F06%2F2025#10%3A25#Maaike#72dyidZ8XkYz#Vocab#Updated%20vocabulary%20for%20skill%20'Present%20tense'
09%2F06%2F2025#10%3A24#Maaike#clRp9T1B4zXT#Vocab#Updated%20vocabulary%20for%20skill%20'To%20go'
09%2F06%2F2025#10%3A21#Maaike#YBHtxUanzY41#Vocab#Updated%20vocabulary%20for%20skill%20'To%20be%20and%20to%20have'
09%2F06%2F2025#10%3A20#Maaike#clRp9T1B4zXT#Vocab#Updated%20vocabulary%20for%20skill%20'To%20go'
09%2F06%2F2025#10%3A10#Maaike#clRp9T1B4zXT#Notes#Updated%20notes%20for%20skill%20'To%20go'
09%2F06%2F2025#10%3A03#Maaike#8QZCmEtnptd0#Vocab#Updated%20vocabulary%20for%20skill%20'Plural'
09%2F06%2F2025#09%3A53#Maaike#8QZCmEtnptd0#Notes#Updated%20notes%20for%20skill%20'Plural'
09%2F06%2F2025#09%3A50#Maaike#8QZCmEtnptd0#Notes#Updated%20notes%20for%20skill%20'Plural'
09%2F06%2F2025#09%3A50#Maaike#8QZCmEtnptd0#Skill#Updated%20skill%20'Plural'%20details
09%2F06%2F2025#09%3A50#Maaike#8QZCmEtnptd0#Skill#Added%20new%20skill%20'New%20Skill'%20to%20unit%200
09%2F06%2F2025#09%3A49#Maaike#QjDsDBYvt1wI#Skill#Updated%20skill%20'%5Bsome%20vocab%20topic%5D'%20details
09%2F06%2F2025#09%3A49#Maaike#QjDsDBYvt1wI#Skill#Added%20new%20skill%20'New%20Skill'%20to%20unit%200
09%2F06%2F2025#09%3A49#Maaike#sRvvKfE6BTY9#Skill#Updated%20skill%20'Adjectives%20II'%20details
09%2F06%2F2025#09%3A49#Maaike#clRp9T1B4zXT#Skill#Updated%20skill%20'To%20go'%20details
09%2F06%2F2025#09%3A49#Maaike#sRvvKfE6BTY9#Skill#Added%20new%20skill%20'New%20Skill'%20to%20unit%200
09%2F06%2F2025#09%3A49#Maaike#clRp9T1B4zXT#Skill#Added%20new%20skill%20'New%20Skill'%20to%20unit%200
05%2F06%2F2025#12%3A56#Maaike#000000000000#Project#Updated%20project%20metadata
05%2F06%2F2025#12%3A56#Maaike#wqWkJOiQWnfh#Skill#Updated%20skill%20'Nouns%20II'%20details
05%2F06%2F2025#12%3A56#Maaike#wqWkJOiQWnfh#Skill#Updated%20skill%20'Nouns%20II'%20details
05%2F06%2F2025#12%3A56#Maaike#wqWkJOiQWnfh#Skill#Updated%20skill%20'Nouns%20II'%20details
05%2F06%2F2025#12%3A56#Maaike#wqWkJOiQWnfh#Skill#Updated%20skill%20'Nouns%20II'%20details
05%2F06%2F2025#12%3A55#Maaike#wqWkJOiQWnfh#Skill#Updated%20skill%20'Nouns%20II'%20details
05%2F06%2F2025#12%3A53#Maaike#000000000000#Project#Updated%20project%20metadata
05%2F06%2F2025#12%3A52#Maaike#72dyidZ8XkYz#Vocab#Updated%20vocabulary%20for%20skill%20'Present%20tense'
05%2F06%2F2025#12%3A30#Maaike#YBHtxUanzY41#Notes#Updated%20notes%20for%20skill%20'To%20be%20and%20to%20have'
05%2F06%2F2025#12%3A29#Maaike#72dyidZ8XkYz#Notes#Updated%20notes%20for%20skill%20'Present%20tense'
04%2F06%2F2025#18%3A51#Skye#000000000000#Project#Updated%20project%20metadata
04%2F06%2F2025#18%3A36#Skye#W2xf1aRFsHQw#Vocab#Updated%20vocabulary%20for%20skill%20'Basic%20words%20and%20phrases'
04%2F06%2F2025#18%3A34#Skye#72dyidZ8XkYz#Notes#Updated%20notes%20for%20skill%20'Present%20tense'
04%2F06%2F2025#18%3A34#Skye#72dyidZ8XkYz#Notes#Updated%20notes%20for%20skill%20'Present%20tense'
04%2F06%2F2025#18%3A34#Skye#72dyidZ8XkYz#Notes#Updated%20notes%20for%20skill%20'Present%20tense'
04%2F06%2F2025#18%3A34#Skye#72dyidZ8XkYz#Notes#Updated%20notes%20for%20skill%20'Present%20tense'
04%2F06%2F2025#18%3A34#Skye#72dyidZ8XkYz#Notes#Updated%20notes%20for%20skill%20'Present%20tense'
04%2F06%2F2025#18%3A14#Skye#72dyidZ8XkYz#Notes#Updated%20notes%20for%20skill%20'Present%20tense'
04%2F06%2F2025#18%3A13#Skye#72dyidZ8XkYz#Notes#Updated%20notes%20for%20skill%20'Present%20tense'
04%2F06%2F2025#18%3A13#Skye#72dyidZ8XkYz#Notes#Updated%20notes%20for%20skill%20'Present%20tense'
04%2F06%2F2025#17%3A50#Skye#72dyidZ8XkYz#Notes#Updated%20notes%20for%20skill%20'Present%20tense'
04%2F06%2F2025#17%3A46#Skye#W2xf1aRFsHQw#Sentences#Updated%20sentences%20for%20skill%20'Basic%20words%20and%20phrases'
04%2F06%2F2025#17%3A45#Skye#W2xf1aRFsHQw#Vocab#Updated%20vocabulary%20for%20skill%20'Basic%20words%20and%20phrases'
04%2F06%2F2025#17%3A44#Skye#W2xf1aRFsHQw#Vocab#Updated%20vocabulary%20for%20skill%20'Basic%20words%20and%20phrases'
04%2F06%2F2025#17%3A41#Skye#W2xf1aRFsHQw#Sentences#Updated%20sentences%20for%20skill%20'Basic%20words%20and%20phrases'
04%2F06%2F2025#17%3A40#Skye#W2xf1aRFsHQw#Vocab#Updated%20vocabulary%20for%20skill%20'Basic%20words%20and%20phrases'
04%2F06%2F2025#17%3A20#Skye#000000000000#Project#Updated%20project%20metadata
04%2F06%2F2025#16%3A10#Maaike#000000000000#Project#Updated%20project%20metadata
04%2F06%2F2025#16%3A10#Maaike#YBHtxUanzY41#Notes#Updated%20notes%20for%20skill%20'To%20be%20and%20to%20have'
04%2F06%2F2025#16%3A09#Maaike#YBHtxUanzY41#Notes#Updated%20notes%20for%20skill%20'To%20be%20and%20to%20have'
04%2F06%2F2025#16%3A09#Maaike#YBHtxUanzY41#Notes#Updated%20notes%20for%20skill%20'To%20be%20and%20to%20have'
04%2F06%2F2025#16%3A08#Maaike#YBHtxUanzY41#Notes#Updated%20notes%20for%20skill%20'To%20be%20and%20to%20have'
04%2F06%2F2025#16%3A07#Maaike#rC8HOW6k4kKf#Notes#Updated%20notes%20for%20skill%20'Adjectives'
04%2F06%2F2025#16%3A06#Maaike#72dyidZ8XkYz#Skill#Updated%20skill%20'Present%20tense'%20details
04%2F06%2F2025#16%3A06#Maaike#72dyidZ8XkYz#Skill#Added%20new%20skill%20'New%20Skill'%20to%20unit%200
04%2F06%2F2025#16%3A05#Maaike#W2xf1aRFsHQw#Sentences#Updated%20sentences%20for%20skill%20'Basic%20words%20and%20phrases'
04%2F06%2F2025#16%3A03#Maaike#W2xf1aRFsHQw#Vocab#Updated%20vocabulary%20for%20skill%20'Basic%20words%20and%20phrases'
04%2F06%2F2025#16%3A01#Maaike#W2xf1aRFsHQw#Vocab#Updated%20vocabulary%20for%20skill%20'Basic%20words%20and%20phrases'
04%2F06%2F2025#16%3A01#Maaike#W2xf1aRFsHQw#Vocab#Updated%20vocabulary%20for%20skill%20'Basic%20words%20and%20phrases'
04%2F06%2F2025#15%3A59#Maaike#wqWkJOiQWnfh#Vocab#Updated%20vocabulary%20for%20skill%20'Nouns%20II'
04%2F06%2F2025#15%3A52#Maaike#CMTMcVwkiOQJ#Vocab#Updated%20vocabulary%20for%20skill%20'Nouns%20and%20articles'
04%2F06%2F2025#15%3A48#Maaike#wqWkJOiQWnfh#Notes#Updated%20notes%20for%20skill%20'Nouns%20II'
04%2F06%2F2025#15%3A48#Maaike#wqWkJOiQWnfh#Notes#Updated%20notes%20for%20skill%20'Nouns%20II'
04%2F06%2F2025#15%3A46#Maaike#wqWkJOiQWnfh#Skill#Updated%20skill%20'Nouns%20II'%20details
04%2F06%2F2025#15%3A46#Maaike#wqWkJOiQWnfh#Skill#Added%20new%20skill%20'New%20Skill'%20to%20unit%200
04%2F06%2F2025#15%3A01#Maaike#rC8HOW6k4kKf#Sentences#Updated%20sentences%20for%20skill%20'Adjectives'
04%2F06%2F2025#14%3A58#Maaike#rC8HOW6k4kKf#Vocab#Updated%20vocabulary%20for%20skill%20'Adjectives'
04%2F06%2F2025#14%3A55#Maaike#rC8HOW6k4kKf#Notes#Updated%20notes%20for%20skill%20'Adjectives'
04%2F06%2F2025#14%3A55#Maaike#rC8HOW6k4kKf#Notes#Updated%20notes%20for%20skill%20'Adjectives'
04%2F06%2F2025#14%3A54#Maaike#rC8HOW6k4kKf#Notes#Updated%20notes%20for%20skill%20'Adjectives'
04%2F06%2F2025#14%3A54#Maaike#rC8HOW6k4kKf#Notes#Updated%20notes%20for%20skill%20'Adjectives'
04%2F06%2F2025#14%3A54#Maaike#rC8HOW6k4kKf#Notes#Updated%20notes%20for%20skill%20'Adjectives'
04%2F06%2F2025#12%3A44#Maaike#rC8HOW6k4kKf#Skill#Updated%20skill%20'Adjectives'%20details
04%2F06%2F2025#12%3A19#Maaike#rC8HOW6k4kKf#Skill#Updated%20skill%20'Adjectives'%20details
04%2F06%2F2025#12%3A19#Maaike#ITUjA2txrckW#Skill#Deleted%20skill%20'To%20go%20%5BTODO%5D'%20from%20unit%200
03%2F06%2F2025#19%3A01#Maaike#000000000000#Project#Updated%20project%20metadata
03%2F06%2F2025#18%3A00#Maaike#rC8HOW6k4kKf#Skill#Updated%20skill%20'Regular%20verbs%20%5BTODO%5D'%20details
03%2F06%2F2025#16%3A08#Maaike#AlLFC6SKoaKr#Skill#Deleted%20skill%20'Basic%20words%20and%20phrases%20II%20%5BTODO%5D'%20from%20unit%200
03%2F06%2F2025#15%3A36#Maaike#W2xf1aRFsHQw#Vocab#Updated%20vocabulary%20for%20skill%20'Basic%20words%20and%20phrases'
03%2F06%2F2025#14%3A56#Maaike#G4HM5Mba0SMN#Question#Added%20new%20'PickOne'%20question%20to%20lesson%20'mvajNeGNj1qs'
03%2F06%2F2025#14%3A13#Maaike#5cqcdO1osxJi#Question#Added%20new%20'ImagePick'%20question%20to%20lesson%20'mvajNeGNj1qs'
03%2F06%2F2025#14%3A13#Maaike#T1a7ajWY2drT#Question#Added%20new%20'ImagePick'%20question%20to%20lesson%20'mvajNeGNj1qs'
03%2F06%2F2025#14%3A13#Maaike#2S98MFljaikQ#Question#Added%20new%20'ImagePick'%20question%20to%20lesson%20'mvajNeGNj1qs'
03%2F06%2F2025#14%3A12#Maaike#dXWC9Xs2UtH8#Question#Deleted%20question%20'dXWC9Xs2UtH8'%20from%20lesson%20'mvajNeGNj1qs'
03%2F06%2F2025#14%3A10#Maaike#sSxc7Mdzm9xE#Question#Added%20new%20'ImagePick'%20question%20to%20lesson%20'mvajNeGNj1qs'
03%2F06%2F2025#14%3A09#Maaike#CMTMcVwkiOQJ#Vocab#Updated%20vocabulary%20for%20skill%20'Nouns%20and%20articles'
03%2F06%2F2025#14%3A09#Maaike#CMTMcVwkiOQJ#Vocab#Updated%20vocabulary%20for%20skill%20'Nouns%20and%20articles'
03%2F06%2F2025#13%3A59#Maaike#GnmIZCZDGn4O#Question#Deleted%20question%20'GnmIZCZDGn4O'%20from%20lesson%20'mvajNeGNj1qs'
03%2F06%2F2025#13%3A59#Maaike#fPI6aVZDungd#Lesson#Deleted%20lesson%201%20from%20skill%20'CMTMcVwkiOQJ'
03%2F06%2F2025#13%3A59#Maaike#mvajNeGNj1qs#Lesson#Added%20new%20lesson%202%20to%20skill%20'CMTMcVwkiOQJ'
03%2F06%2F2025#13%3A59#Maaike#pRZ4iPmLQjyI#Lesson#Deleted%20lesson%201%20from%20skill%20'CMTMcVwkiOQJ'
03%2F06%2F2025#13%3A59#Maaike#wrcyme8fz4i4#Lesson#Deleted%20lesson%201%20from%20skill%20'CMTMcVwkiOQJ'
03%2F06%2F2025#13%3A59#Maaike#1kRTN6h0BG0h#Lesson#Deleted%20lesson%201%20from%20skill%20'CMTMcVwkiOQJ'
03%2F06%2F2025#13%3A59#Maaike#iESUw6039Cga#Lesson#Deleted%20lesson%201%20from%20skill%20'CMTMcVwkiOQJ'
03%2F06%2F2025#13%3A59#Maaike#LOHCERZ2PyYk#Lesson#Deleted%20lesson%201%20from%20skill%20'CMTMcVwkiOQJ'
03%2F06%2F2025#13%3A59#Maaike#XYGrO8qkeJ1H#Lesson#Deleted%20lesson%202%20from%20skill%20'CMTMcVwkiOQJ'
03%2F06%2F2025#13%3A59#Maaike#KTAto8TCHFzi#Lesson#Deleted%20lesson%203%20from%20skill%20'CMTMcVwkiOQJ'
03%2F06%2F2025#13%3A59#Maaike#WOOeZwrUvNv2#Lesson#Deleted%20lesson%203%20from%20skill%20'CMTMcVwkiOQJ'
03%2F06%2F2025#13%3A59#Maaike#wK0lqCuGj3Tk#Lesson#Deleted%20lesson%203%20from%20skill%20'CMTMcVwkiOQJ'
03%2F06%2F2025#13%3A59#Maaike#QKQ2edkNy86g#Lesson#Deleted%20lesson%203%20from%20skill%20'CMTMcVwkiOQJ'
03%2F06%2F2025#13%3A59#Maaike#ftZISSsV5dj9#Lesson#Deleted%20lesson%203%20from%20skill%20'CMTMcVwkiOQJ'
03%2F06%2F2025#13%3A58#Maaike#XYGrO8qkeJ1H#Lesson#Added%20new%20lesson%202%20to%20skill%20'CMTMcVwkiOQJ'
03%2F06%2F2025#13%3A48#Maaike#wuHx5HXIExMv#Lesson#Deleted%20lesson%205%20from%20skill%20'CMTMcVwkiOQJ'
03%2F06%2F2025#13%3A48#Maaike#Etj1tvRinHQ3#Lesson#Deleted%20lesson%203%20from%20skill%20'CMTMcVwkiOQJ'
03%2F06%2F2025#13%3A48#Maaike#yDkfyqVEKSOh#Lesson#Deleted%20lesson%205%20from%20skill%20'CMTMcVwkiOQJ'
03%2F06%2F2025#13%3A48#Maaike#QdolWBtTESCY#Lesson#Deleted%20lesson%203%20from%20skill%20'CMTMcVwkiOQJ'
03%2F06%2F2025#13%3A48#Maaike#zUUnH7WdCz3R#Lesson#Deleted%20lesson%203%20from%20skill%20'CMTMcVwkiOQJ'
03%2F06%2F2025#13%3A48#Maaike#GnjQXuoLH6m7#Lesson#Deleted%20lesson%205%20from%20skill%20'CMTMcVwkiOQJ'
03%2F06%2F2025#13%3A48#Maaike#gpGv7QiiHdwb#Lesson#Deleted%20lesson%205%20from%20skill%20'CMTMcVwkiOQJ'
03%2F06%2F2025#13%3A48#Maaike#enECNOpuDAeR#Lesson#Deleted%20lesson%203%20from%20skill%20'CMTMcVwkiOQJ'
03%2F06%2F2025#13%3A48#Maaike#n7d1nfLYXdFL#Lesson#Deleted%20lesson%201%20from%20skill%20'CMTMcVwkiOQJ'
03%2F06%2F2025#09%3A54#Maaike#CMTMcVwkiOQJ#Notes#Updated%20notes%20for%20skill%20'Nouns%20and%20articles'
03%2F06%2F2025#09%3A54#Maaike#CMTMcVwkiOQJ#Notes#Updated%20notes%20for%20skill%20'Nouns%20and%20articles'
03%2F06%2F2025#09%3A54#Maaike#CMTMcVwkiOQJ#Notes#Updated%20notes%20for%20skill%20'Nouns%20and%20articles'
03%2F06%2F2025#09%3A54#Maaike#CMTMcVwkiOQJ#Notes#Updated%20notes%20for%20skill%20'Nouns%20and%20articles'
02%2F06%2F2025#11%3A19#Maaike#000000000000#Project#Updated%20project%20metadata
02%2F06%2F2025#11%3A15#Maaike#rC8HOW6k4kKf#Skill#Updated%20skill%20'Regular%20verbs%20%5BTODO%5D'%20details
02%2F06%2F2025#11%3A15#Maaike#rC8HOW6k4kKf#Skill#Added%20new%20skill%20'New%20Skill'%20to%20unit%200
02%2F06%2F2025#11%3A15#Maaike#ITUjA2txrckW#Skill#Updated%20skill%20'To%20go%20%5BTODO%5D'%20details
02%2F06%2F2025#11%3A15#Maaike#ITUjA2txrckW#Skill#Added%20new%20skill%20'New%20Skill'%20to%20unit%200
02%2F06%2F2025#11%3A15#Maaike#AlLFC6SKoaKr#Skill#Updated%20skill%20'Basic%20words%20and%20phrases%20II%20%5BTODO%5D'%20details
02%2F06%2F2025#11%3A14#Maaike#AlLFC6SKoaKr#Skill#Added%20new%20skill%20'New%20Skill'%20to%20unit%200
02%2F06%2F2025#11%3A14#Maaike#YBHtxUanzY41#Sentences#Updated%20sentences%20for%20skill%20'To%20be%20and%20to%20have'
02%2F06%2F2025#10%3A44#Maaike#YBHtxUanzY41#Vocab#Updated%20vocabulary%20for%20skill%20'To%20be%20and%20to%20have'
02%2F06%2F2025#10%3A44#Maaike#YBHtxUanzY41#Notes#Updated%20notes%20for%20skill%20'To%20be%20and%20to%20have'
02%2F06%2F2025#10%3A42#Maaike#YBHtxUanzY41#Vocab#Updated%20vocabulary%20for%20skill%20'To%20be%20and%20to%20have'
02%2F06%2F2025#10%3A39#Maaike#YBHtxUanzY41#Notes#Updated%20notes%20for%20skill%20'To%20be%20and%20to%20have'
02%2F06%2F2025#10%3A11#Maaike#YBHtxUanzY41#Skill#Updated%20skill%20'To%20be%20and%20to%20have'%20details
02%2F06%2F2025#10%3A11#Maaike#YBHtxUanzY41#Skill#Updated%20skill%20'To%20be%20and%20to%20have'%20details
02%2F06%2F2025#10%3A11#Maaike#YBHtxUanzY41#Skill#Updated%20skill%20'To%20be%20and%20to%20have'%20details
02%2F06%2F2025#10%3A11#Maaike#YBHtxUanzY41#Skill#Updated%20skill%20'To%20be%20and%20to%20have'%20details
02%2F06%2F2025#10%3A10#Maaike#CMTMcVwkiOQJ#Skill#Updated%20skill%20'Nouns%20and%20articles'%20details
02%2F06%2F2025#10%3A10#Maaike#YBHtxUanzY41#Skill#Updated%20skill%20'To%20be%20and%20to%20have'%20details
02%2F06%2F2025#10%3A10#Maaike#YBHtxUanzY41#Skill#Updated%20skill%20'To%20be%20and%20to%20have'%20details
02%2F06%2F2025#10%3A10#Maaike#YBHtxUanzY41#Skill#Added%20new%20skill%20'New%20Skill'%20to%20unit%200
02%2F06%2F2025#10%3A10#Maaike#1#Unit#Added%20new%20unit%201
02%2F06%2F2025#10%3A10#Maaike#000000000000#Project#Updated%20project%20metadata
02%2F06%2F2025#10%3A04#Maaike#CMTMcVwkiOQJ#Skill#Updated%20skill%20'Nouns%20and%20articles'%20details
02%2F06%2F2025#10%3A04#Maaike#CMTMcVwkiOQJ#Skill#Updated%20skill%20'Nouns%20and%20articles'%20details
02%2F06%2F2025#10%3A04#Maaike#CMTMcVwkiOQJ#Skill#Updated%20skill%20'Nouns%20and%20articles'%20details
02%2F06%2F2025#10%3A01#Maaike#CMTMcVwkiOQJ#Skill#Updated%20skill%20'Nouns'%20details
02%2F06%2F2025#10%3A00#Maaike#CMTMcVwkiOQJ#Sentences#Updated%20sentences%20for%20skill%20'Nouns'
02%2F06%2F2025#09%3A54#Maaike#CMTMcVwkiOQJ#Notes#Updated%20notes%20for%20skill%20'Nouns'
02%2F06%2F2025#09%3A53#Maaike#CMTMcVwkiOQJ#Vocab#Updated%20vocabulary%20for%20skill%20'Nouns'
02%2F06%2F2025#09%3A50#Maaike#CMTMcVwkiOQJ#Notes#Updated%20notes%20for%20skill%20'Nouns'
02%2F06%2F2025#09%3A49#Maaike#CMTMcVwkiOQJ#Notes#Updated%20notes%20for%20skill%20'Nouns'
02%2F06%2F2025#09%3A49#Maaike#CMTMcVwkiOQJ#Notes#Updated%20notes%20for%20skill%20'Nouns'
02%2F06%2F2025#09%3A48#Maaike#CMTMcVwkiOQJ#Notes#Updated%20notes%20for%20skill%20'Nouns'
02%2F06%2F2025#09%3A39#Maaike#CMTMcVwkiOQJ#Skill#Updated%20skill%20'Nouns'%20details
02%2F06%2F2025#09%3A39#Maaike#CMTMcVwkiOQJ#Skill#Updated%20skill%20'Nouns'%20details
02%2F06%2F2025#09%3A39#Maaike#CMTMcVwkiOQJ#Skill#Updated%20skill%20'Nouns'%20details
02%2F06%2F2025#09%3A38#Maaike#CMTMcVwkiOQJ#Skill#Updated%20skill%20'Nouns'%20details
02%2F06%2F2025#09%3A38#Maaike#CMTMcVwkiOQJ#Skill#Updated%20skill%20'Nouns'%20details
02%2F06%2F2025#09%3A38#Maaike#CMTMcVwkiOQJ#Skill#Updated%20skill%20'New%20Skill'%20details
02%2F06%2F2025#09%3A37#Maaike#000000000000#Project#Updated%20project%20metadata
01%2F06%2F2025#11%3A16#catgrrl#000000000000#Project#Updated%20project%20metadata
01%2F06%2F2025#11%3A15#catgrrl#sDrEXidRkjqp#Question#Deleted%20question%20'sDrEXidRkjqp'%20from%20lesson%20'Vutw4yzj7oqw'
01%2F06%2F2025#11%3A15#catgrrl#wy9BZHsXtDfR#Question#Deleted%20question%20'wy9BZHsXtDfR'%20from%20lesson%20'Vutw4yzj7oqw'
01%2F06%2F2025#11%3A14#catgrrl#cl1OAR5bhQbk#Question#Deleted%20question%20'cl1OAR5bhQbk'%20from%20lesson%20'Dk34yRqiWNz8'
01%2F06%2F2025#11%3A12#catgrrl#G9NgUFClXzOS#Question#Deleted%20question%20'G9NgUFClXzOS'%20from%20lesson%20'Wp1GSMiVMlcC'
01%2F06%2F2025#11%3A12#catgrrl#Kzr9RCeYp7PK#Question#Deleted%20question%20'Kzr9RCeYp7PK'%20from%20lesson%20'Wp1GSMiVMlcC'
01%2F06%2F2025#11%3A07#catgrrl#nGn0Ovcxpc9Z#Question#Deleted%20question%20'nGn0Ovcxpc9Z'%20from%20lesson%20'yv6VAIGyDZ9c'
01%2F06%2F2025#11%3A06#catgrrl#ULcfBB2O3eO3#Question#Deleted%20question%20'ULcfBB2O3eO3'%20from%20lesson%20'yv6VAIGyDZ9c'
01%2F06%2F2025#11%3A06#catgrrl#JHxr7D0MsRQE#Question#Deleted%20question%20'JHxr7D0MsRQE'%20from%20lesson%20'yv6VAIGyDZ9c'
01%2F06%2F2025#11%3A05#catgrrl#000000000000#Project#Updated%20project%20metadata
01%2F06%2F2025#11%3A05#catgrrl#4JZR4BYfyNi3#Question#Deleted%20question%20'4JZR4BYfyNi3'%20from%20lesson%20'cAkXr2sgA00E'
01%2F06%2F2025#10%3A59#catgrrl#V8dq39r39Jjl#Question#Deleted%20question%20'V8dq39r39Jjl'%20from%20lesson%20'8Xtyv4naSTNl'
01%2F06%2F2025#10%3A59#catgrrl#cm6KF7z48b33#Question#Deleted%20question%20'cm6KF7z48b33'%20from%20lesson%20'8Xtyv4naSTNl'
01%2F06%2F2025#10%3A58#catgrrl#qZhZRa3w72Ag#Question#Deleted%20question%20'qZhZRa3w72Ag'%20from%20lesson%20'8Xtyv4naSTNl'
01%2F06%2F2025#10%3A57#catgrrl#vcp5LyFmw87u#Question#Deleted%20question%20'vcp5LyFmw87u'%20from%20lesson%20'QhrEzRnSmmP4'
01%2F06%2F2025#10%3A57#catgrrl#000000000000#Project#Updated%20project%20metadata
01%2F06%2F2025#10%3A23#catgrrl#000000000000#Project#Updated%20project%20metadata
01%2F06%2F2025#10%3A22#catgrrl#W2xf1aRFsHQw#Skill#Updated%20skill%20'Basic%20words%20and%20phrases'%20details
01%2F06%2F2025#10%3A22#catgrrl#W2xf1aRFsHQw#Sentences#Updated%20sentences%20for%20skill%20'Basic%20words%20and%20phrases'
01%2F06%2F2025#10%3A22#catgrrl#W2xf1aRFsHQw#Sentences#Updated%20sentences%20for%20skill%20'Basic%20words%20and%20phrases'
01%2F06%2F2025#10%3A13#catgrrl#W2xf1aRFsHQw#Skill#Updated%20skill%20'Basic%20words%20and%20phrases'%20details
01%2F06%2F2025#10%3A10#catgrrl#W2xf1aRFsHQw#Vocab#Updated%20vocabulary%20for%20skill%20'Basic%20words%20and%20phrases'
29%2F05%2F2025#19%3A23#catgrrl#000000000000#Project#Updated%20project%20metadata
29%2F05%2F2025#19%3A23#catgrrl#W2xf1aRFsHQw#Skill#Updated%20skill%20'Basic%20words%20and%20phrases'%20details
29%2F05%2F2025#19%3A20#catgrrl#000000000000#Project#Updated%20project%20metadata
29%2F05%2F2025#19%3A20#catgrrl#W2xf1aRFsHQw#Sentences#Updated%20sentences%20for%20skill%20'Basic%20words%20and%20phrases'
29%2F05%2F2025#19%3A17#catgrrl#W2xf1aRFsHQw#Vocab#Updated%20vocabulary%20for%20skill%20'Basic%20words%20and%20phrases'
29%2F05%2F2025#19%3A17#catgrrl#W2xf1aRFsHQw#Sentences#Updated%20sentences%20for%20skill%20'Basic%20words%20and%20phrases'
29%2F05%2F2025#19%3A17#catgrrl#W2xf1aRFsHQw#Vocab#Updated%20vocabulary%20for%20skill%20'Basic%20words%20and%20phrases'
29%2F05%2F2025#19%3A15#catgrrl#W2xf1aRFsHQw#Sentences#Updated%20sentences%20for%20skill%20'Basic%20words%20and%20phrases'
29%2F05%2F2025#19%3A08#catgrrl#W2xf1aRFsHQw#Vocab#Updated%20vocabulary%20for%20skill%20'Basic%20words%20and%20phrases'
29%2F05%2F2025#19%3A02#catgrrl#W2xf1aRFsHQw#Notes#Updated%20notes%20for%20skill%20'Basic%20words%20and%20phrases'
29%2F05%2F2025#18%3A55#catgrrl#7dcefRQt3y7y#Lesson#Deleted%20lesson%201%20from%20skill%20'W2xf1aRFsHQw'
29%2F05%2F2025#18%3A54#catgrrl#000000000000#Project#Updated%20project%20metadata
29%2F05%2F2025#18%3A53#catgrrl#W2xf1aRFsHQw#Skill#Updated%20skill%20'Basic%20words%20and%20phrases'%20details
29%2F05%2F2025#18%3A53#catgrrl#W2xf1aRFsHQw#Skill#Updated%20skill%20'Basic%20words%20and%20phrases'%20details
29%2F05%2F2025#18%3A53#catgrrl#W2xf1aRFsHQw#Skill#Updated%20skill%20'Basic%20words%20and%20phrases'%20details
29%2F05%2F2025#18%3A52#catgrrl#W2xf1aRFsHQw#Skill#Updated%20skill%20'Basic%20words%20and%20phrases'%20details
29%2F05%2F2025#18%3A52#catgrrl#W2xf1aRFsHQw#Skill#Updated%20skill%20'Basic%20words%20and%20phrases'%20details
29%2F05%2F2025#18%3A52#catgrrl#W2xf1aRFsHQw#Skill#Updated%20skill%20'Basic%20words%20and%20phrases'%20details
29%2F05%2F2025#18%3A51#catgrrl#W2xf1aRFsHQw#Skill#Updated%20skill%20'Basic%20words%20and%20phrases'%20details
29%2F05%2F2025#18%3A50#catgrrl#CMTMcVwkiOQJ#Skill#Added%20new%20skill%20'New%20Skill'%20to%20unit%200
29%2F05%2F2025#18%3A49#catgrrl#000000000000#Project#Updated%20project%20metadata
29%2F05%2F2025#18%3A49#catgrrl#000000000000#Project#Updated%20project%20metadata
29%2F05%2F2025#18%3A49#catgrrl#000000000000#Project#Created%20new%20project%20'Dutch'