19%2F06%2F2025#09%3A18#Akari%20Hnin#000000000000#Project#Updated%20project%20metadata
19%2F06%2F2025#09%3A18#Akari%20Hnin#nUZNaP2HeTdHvY7sig.mp3#Audio#Saved%20audio%20file%20'nUZNaP2HeTdHvY7sig.mp3'
19%2F06%2F2025#09%3A18#Akari%20Hnin#fws8UKkHQaFXndkpgD.mp3#Audio#Saved%20audio%20file%20'fws8UKkHQaFXndkpgD.mp3'
19%2F06%2F2025#09%3A18#Akari%20Hnin#audio_match_id2.mp3#Audio#Saved%20audio%20file%20'audio_match_id2.mp3'
19%2F06%2F2025#09%3A17#Akari%20Hnin#audio_match_id2.mp3#Audio#Saved%20audio%20file%20'audio_match_id2.mp3'
19%2F06%2F2025#09%3A17#Akari%20Hnin#audio_match_id1.mp3#Audio#Saved%20audio%20file%20'audio_match_id1.mp3'
19%2F06%2F2025#09%3A17#Akari%20Hnin#feZBmrZvZr4Q.mp3#Audio#Saved%20audio%20file%20'feZBmrZvZr4Q.mp3'
19%2F06%2F2025#09%3A16#Akari%20Hnin#l2D5XK5ulh7m-o2.mp3#Audio#Saved%20audio%20file%20'l2D5XK5ulh7m-o2.mp3'
19%2F06%2F2025#09%3A16#Akari%20Hnin#l2D5XK5ulh7m-o3.mp3#Audio#Saved%20audio%20file%20'l2D5XK5ulh7m-o3.mp3'
19%2F06%2F2025#09%3A16#Akari%20Hnin#l2D5XK5ulh7m-o2.mp3#Audio#Saved%20audio%20file%20'l2D5XK5ulh7m-o2.mp3'
19%2F06%2F2025#09%3A14#Akari%20Hnin#l2D5XK5ulh7m-o3.mp3#Audio#Saved%20audio%20file%20'l2D5XK5ulh7m-o3.mp3'
19%2F06%2F2025#09%3A14#Akari%20Hnin#l2D5XK5ulh7m-o2.mp3#Audio#Saved%20audio%20file%20'l2D5XK5ulh7m-o2.mp3'
19%2F06%2F2025#09%3A13#Akari%20Hnin#l2D5XK5ulh7m-o1.mp3#Audio#Saved%20audio%20file%20'l2D5XK5ulh7m-o1.mp3'
19%2F06%2F2025#09%3A13#Akari%20Hnin#LxyDcr2w1wGx-o3.mp3#Audio#Saved%20audio%20file%20'LxyDcr2w1wGx-o3.mp3'
19%2F06%2F2025#09%3A13#Akari%20Hnin#LxyDcr2w1wGx-o2.mp3#Audio#Saved%20audio%20file%20'LxyDcr2w1wGx-o2.mp3'
19%2F06%2F2025#09%3A13#Akari%20Hnin#LxyDcr2w1wGx-o1.mp3#Audio#Saved%20audio%20file%20'LxyDcr2w1wGx-o1.mp3'
19%2F06%2F2025#09%3A11#Akari%20Hnin#ofLCUqib3ZeE.mp3#Audio#Saved%20audio%20file%20'ofLCUqib3ZeE.mp3'
19%2F06%2F2025#09%3A11#Akari%20Hnin#GuKxbSJj3SAD.mp3#Audio#Saved%20audio%20file%20'GuKxbSJj3SAD.mp3'
19%2F06%2F2025#09%3A11#Akari%20Hnin#LtzyMRJGmYmh.mp3#Audio#Saved%20audio%20file%20'LtzyMRJGmYmh.mp3'
19%2F06%2F2025#09%3A11#Akari%20Hnin#TiFSdLiUmKxa.mp3#Audio#Saved%20audio%20file%20'TiFSdLiUmKxa.mp3'
19%2F06%2F2025#09%3A06#Akari%20Hnin#1Ucnlv2B2Qg1#Lesson#Added%20new%20lesson%202%20to%20skill%20'pS77P6WgUfbw'
19%2F06%2F2025#09%3A05#Akari%20Hnin#feZBmrZvZr4Q#Question#Added%20new%20'FlashCard'%20question%20to%20lesson%20'EkgZOXFldQaT'
19%2F06%2F2025#09%3A02#Akari%20Hnin#qXcnyVNRdfuF#Question#Added%20new%20'AudioMatch'%20question%20to%20lesson%20'EkgZOXFldQaT'
19%2F06%2F2025#09%3A01#Akari%20Hnin#l2D5XK5ulh7m#Question#Added%20new%20'PickOne'%20question%20to%20lesson%20'EkgZOXFldQaT'
19%2F06%2F2025#09%3A00#Akari%20Hnin#lK8gZ2z83CrW#Question#Deleted%20question%20'lK8gZ2z83CrW'%20from%20lesson%20'EkgZOXFldQaT'
19%2F06%2F2025#08%3A59#Akari%20Hnin#LxyDcr2w1wGx#Question#Added%20new%20'PickOne'%20question%20to%20lesson%20'EkgZOXFldQaT'
19%2F06%2F2025#08%3A58#Akari%20Hnin#lK8gZ2z83CrW#Question#Added%20new%20'FlashCard'%20question%20to%20lesson%20'EkgZOXFldQaT'
19%2F06%2F2025#08%3A57#Akari%20Hnin#ofLCUqib3ZeE#Question#Added%20new%20'FlashCard'%20question%20to%20lesson%20'EkgZOXFldQaT'
19%2F06%2F2025#08%3A57#Akari%20Hnin#TiFSdLiUmKxa-o3.mp3#Audio#Saved%20audio%20file%20'TiFSdLiUmKxa-o3.mp3'
19%2F06%2F2025#08%3A57#Akari%20Hnin#TiFSdLiUmKxa-o2.mp3#Audio#Saved%20audio%20file%20'TiFSdLiUmKxa-o2.mp3'
19%2F06%2F2025#08%3A57#Akari%20Hnin#TiFSdLiUmKxa-o1.mp3#Audio#Saved%20audio%20file%20'TiFSdLiUmKxa-o1.mp3'
19%2F06%2F2025#08%3A57#Akari%20Hnin#GuKxbSJj3SAD-o3.mp3#Audio#Saved%20audio%20file%20'GuKxbSJj3SAD-o3.mp3'
19%2F06%2F2025#08%3A57#Akari%20Hnin#GuKxbSJj3SAD-o2.mp3#Audio#Saved%20audio%20file%20'GuKxbSJj3SAD-o2.mp3'
19%2F06%2F2025#08%3A57#Akari%20Hnin#GuKxbSJj3SAD-o1.mp3#Audio#Saved%20audio%20file%20'GuKxbSJj3SAD-o1.mp3'
19%2F06%2F2025#08%3A55#Akari%20Hnin#GuKxbSJj3SAD-o2.mp3#Audio#Saved%20audio%20file%20'GuKxbSJj3SAD-o2.mp3'
19%2F06%2F2025#08%3A55#Akari%20Hnin#GuKxbSJj3SAD#Question#Added%20new%20'PickOne'%20question%20to%20lesson%20'EkgZOXFldQaT'
19%2F06%2F2025#08%3A52#Akari%20Hnin#pS77P6WgUfbw#Skill#Updated%20skill%20'Greetings'%20details
19%2F06%2F2025#08%3A52#Akari%20Hnin#pS77P6WgUfbw#Skill#Updated%20skill%20'Greetings'%20details
19%2F06%2F2025#08%3A51#Akari%20Hnin#pS77P6WgUfbw#Skill#Updated%20skill%20'Greetings'%20details
19%2F06%2F2025#08%3A51#Akari%20Hnin#pS77P6WgUfbw#Skill#Updated%20skill%20'Greetings'%20details
19%2F06%2F2025#08%3A50#Akari%20Hnin#000000000000#Project#Updated%20project%20metadata
19%2F06%2F2025#08%3A50#Akari%20Hnin#wrX6vQOefNnM#Skill#Updated%20skill%20'Numbers'%20details
19%2F06%2F2025#08%3A50#Akari%20Hnin#3iXhluBZncnw#Skill#Updated%20skill%20'Fruits'%20details
19%2F06%2F2025#08%3A50#Akari%20Hnin#3iXhluBZncnw#Skill#Updated%20skill%20'Numbers'%20details
19%2F06%2F2025#08%3A50#Akari%20Hnin#wrX6vQOefNnM#Skill#Added%20new%20skill%20'New%20Skill'%20to%20unit%201
19%2F06%2F2025#08%3A49#Akari%20Hnin#3iXhluBZncnw#Skill#Updated%20skill%20'Fruits'%20details
19%2F06%2F2025#08%3A49#Akari%20Hnin#3iXhluBZncnw#Skill#Added%20new%20skill%20'New%20Skill'%20to%20unit%201
19%2F06%2F2025#08%3A49#Akari%20Hnin#A9DWh06ASq7j#Skill#Updated%20skill%20'Family'%20details
19%2F06%2F2025#08%3A49#Akari%20Hnin#A9DWh06ASq7j#Skill#Added%20new%20skill%20'New%20Skill'%20to%20unit%201
19%2F06%2F2025#08%3A49#Akari%20Hnin#1Nwm1ASPQNr4#Skill#Updated%20skill%20'Pronouns'%20details
19%2F06%2F2025#08%3A49#Akari%20Hnin#1Nwm1ASPQNr4#Skill#Added%20new%20skill%20'New%20Skill'%20to%20unit%201
19%2F06%2F2025#08%3A49#Akari%20Hnin#000000000000#Project#Updated%20project%20metadata
19%2F06%2F2025#08%3A49#Akari%20Hnin#2#Unit#Deleted%20unit%202
19%2F06%2F2025#08%3A49#Akari%20Hnin#2#Unit#Added%20new%20unit%202
19%2F06%2F2025#08%3A49#Akari%20Hnin#000000000000#Project#Updated%20project%20metadata
19%2F06%2F2025#08%3A49#Akari%20Hnin#pS77P6WgUfbw#Skill#Updated%20skill%20'Greetings'%20details
19%2F06%2F2025#08%3A48#Akari%20Hnin#1#Unit#Added%20new%20unit%201
19%2F06%2F2025#08%3A48#Akari%20Hnin#000000000000#Project#Updated%20project%20metadata
19%2F06%2F2025#08%3A48#Akari%20Hnin#000000000000#Project#Updated%20project%20metadata
19%2F06%2F2025#08%3A48#Akari%20Hnin#PfLGiDniyqmY.mp3#Audio#Saved%20audio%20file%20'PfLGiDniyqmY.mp3'
19%2F06%2F2025#08%3A47#Akari%20Hnin#D0VS4gMta9WZ-o1.mp3#Audio#Saved%20audio%20file%20'D0VS4gMta9WZ-o1.mp3'
19%2F06%2F2025#08%3A47#Akari%20Hnin#D0VS4gMta9WZ-o2.mp3#Audio#Saved%20audio%20file%20'D0VS4gMta9WZ-o2.mp3'
19%2F06%2F2025#08%3A46#Akari%20Hnin#D0VS4gMta9WZ.mp3#Audio#Saved%20audio%20file%20'D0VS4gMta9WZ.mp3'
19%2F06%2F2025#08%3A45#Akari%20Hnin#XxfwruprKuZR-s4.mp3#Audio#Saved%20audio%20file%20'XxfwruprKuZR-s4.mp3'
19%2F06%2F2025#08%3A45#Akari%20Hnin#XxfwruprKuZR-s3.mp3#Audio#Saved%20audio%20file%20'XxfwruprKuZR-s3.mp3'
19%2F06%2F2025#08%3A45#Akari%20Hnin#XxfwruprKuZR-s2.mp3#Audio#Saved%20audio%20file%20'XxfwruprKuZR-s2.mp3'
19%2F06%2F2025#08%3A45#Akari%20Hnin#XxfwruprKuZR-s1.mp3#Audio#Saved%20audio%20file%20'XxfwruprKuZR-s1.mp3'
19%2F06%2F2025#08%3A44#Akari%20Hnin#NXuOAW7nKWbn-o3.mp3#Audio#Saved%20audio%20file%20'NXuOAW7nKWbn-o3.mp3'
19%2F06%2F2025#08%3A44#Akari%20Hnin#NXuOAW7nKWbn-o2.mp3#Audio#Saved%20audio%20file%20'NXuOAW7nKWbn-o2.mp3'
19%2F06%2F2025#08%3A44#Akari%20Hnin#NXuOAW7nKWbn-o1.mp3#Audio#Saved%20audio%20file%20'NXuOAW7nKWbn-o1.mp3'
19%2F06%2F2025#08%3A43#Akari%20Hnin#NXuOAW7nKWbn.mp3#Audio#Saved%20audio%20file%20'NXuOAW7nKWbn.mp3'
19%2F06%2F2025#08%3A43#Akari%20Hnin#B9DbChXFlJ1F.mp3#Audio#Saved%20audio%20file%20'B9DbChXFlJ1F.mp3'
19%2F06%2F2025#08%3A42#Akari%20Hnin#mktEQEYhdWdf-s4.mp3#Audio#Saved%20audio%20file%20'mktEQEYhdWdf-s4.mp3'
19%2F06%2F2025#08%3A42#Akari%20Hnin#mktEQEYhdWdf-s3.mp3#Audio#Saved%20audio%20file%20'mktEQEYhdWdf-s3.mp3'
19%2F06%2F2025#08%3A41#Akari%20Hnin#mktEQEYhdWdf-s2.mp3#Audio#Saved%20audio%20file%20'mktEQEYhdWdf-s2.mp3'
19%2F06%2F2025#08%3A41#Akari%20Hnin#mktEQEYhdWdf-s1.mp3#Audio#Saved%20audio%20file%20'mktEQEYhdWdf-s1.mp3'
19%2F06%2F2025#08%3A40#Akari%20Hnin#8DZ7fmd2Ly0S.mp3#Audio#Saved%20audio%20file%20'8DZ7fmd2Ly0S.mp3'
19%2F06%2F2025#08%3A40#Akari%20Hnin#ngd5POiLBFfJ.mp3#Audio#Saved%20audio%20file%20'ngd5POiLBFfJ.mp3'
19%2F06%2F2025#08%3A39#Akari%20Hnin#h6WSercpY5L4.mp3#Audio#Saved%20audio%20file%20'h6WSercpY5L4.mp3'
19%2F06%2F2025#08%3A39#Akari%20Hnin#h6WSercpY5L4.mp3#Audio#Saved%20audio%20file%20'h6WSercpY5L4.mp3'
19%2F06%2F2025#08%3A38#Akari%20Hnin#pK0tQMYQHXd6-o1.mp3#Audio#Saved%20audio%20file%20'pK0tQMYQHXd6-o1.mp3'
19%2F06%2F2025#08%3A38#Akari%20Hnin#pK0tQMYQHXd6-o2.mp3#Audio#Saved%20audio%20file%20'pK0tQMYQHXd6-o2.mp3'
19%2F06%2F2025#08%3A38#Akari%20Hnin#pK0tQMYQHXd6-o3.mp3#Audio#Saved%20audio%20file%20'pK0tQMYQHXd6-o3.mp3'
19%2F06%2F2025#08%3A37#Akari%20Hnin#pK0tQMYQHXd6.mp3#Audio#Saved%20audio%20file%20'pK0tQMYQHXd6.mp3'
19%2F06%2F2025#08%3A37#Akari%20Hnin#V0V5Q97Tu6JQ-s4.mp3#Audio#Saved%20audio%20file%20'V0V5Q97Tu6JQ-s4.mp3'
19%2F06%2F2025#08%3A37#Akari%20Hnin#V0V5Q97Tu6JQ-p4.mp3#Audio#Saved%20audio%20file%20'V0V5Q97Tu6JQ-p4.mp3'
19%2F06%2F2025#08%3A37#Akari%20Hnin#V0V5Q97Tu6JQ-p4.mp3#Audio#Saved%20audio%20file%20'V0V5Q97Tu6JQ-p4.mp3'
19%2F06%2F2025#08%3A36#Akari%20Hnin#V0V5Q97Tu6JQ-s3.mp3#Audio#Saved%20audio%20file%20'V0V5Q97Tu6JQ-s3.mp3'
19%2F06%2F2025#08%3A36#Akari%20Hnin#V0V5Q97Tu6JQ-p3.mp3#Audio#Saved%20audio%20file%20'V0V5Q97Tu6JQ-p3.mp3'
19%2F06%2F2025#08%3A35#Akari%20Hnin#V0V5Q97Tu6JQ-s2.mp3#Audio#Saved%20audio%20file%20'V0V5Q97Tu6JQ-s2.mp3'
19%2F06%2F2025#08%3A35#Akari%20Hnin#V0V5Q97Tu6JQ-p2.mp3#Audio#Saved%20audio%20file%20'V0V5Q97Tu6JQ-p2.mp3'
19%2F06%2F2025#08%3A35#Akari%20Hnin#V0V5Q97Tu6JQ-s1.mp3#Audio#Saved%20audio%20file%20'V0V5Q97Tu6JQ-s1.mp3'
19%2F06%2F2025#08%3A35#Akari%20Hnin#V0V5Q97Tu6JQ-p1.mp3#Audio#Saved%20audio%20file%20'V0V5Q97Tu6JQ-p1.mp3'
19%2F06%2F2025#08%3A34#Akari%20Hnin#6LVi5i5hPYkN-s4.mp3#Audio#Saved%20audio%20file%20'6LVi5i5hPYkN-s4.mp3'
19%2F06%2F2025#08%3A34#Akari%20Hnin#6LVi5i5hPYkN-p4.mp3#Audio#Saved%20audio%20file%20'6LVi5i5hPYkN-p4.mp3'
19%2F06%2F2025#08%3A33#Akari%20Hnin#6LVi5i5hPYkN-s3.mp3#Audio#Saved%20audio%20file%20'6LVi5i5hPYkN-s3.mp3'
19%2F06%2F2025#08%3A33#Akari%20Hnin#6LVi5i5hPYkN-p3.mp3#Audio#Saved%20audio%20file%20'6LVi5i5hPYkN-p3.mp3'
19%2F06%2F2025#08%3A33#Akari%20Hnin#6LVi5i5hPYkN-s2.mp3#Audio#Saved%20audio%20file%20'6LVi5i5hPYkN-s2.mp3'
19%2F06%2F2025#08%3A33#Akari%20Hnin#6LVi5i5hPYkN-p2.mp3#Audio#Saved%20audio%20file%20'6LVi5i5hPYkN-p2.mp3'
19%2F06%2F2025#08%3A32#Akari%20Hnin#6LVi5i5hPYkN-s1.mp3#Audio#Saved%20audio%20file%20'6LVi5i5hPYkN-s1.mp3'
19%2F06%2F2025#08%3A32#Akari%20Hnin#6LVi5i5hPYkN-p1.mp3#Audio#Saved%20audio%20file%20'6LVi5i5hPYkN-p1.mp3'
19%2F06%2F2025#08%3A32#Akari%20Hnin#foIDh32IFNyv-s4.mp3#Audio#Saved%20audio%20file%20'foIDh32IFNyv-s4.mp3'
19%2F06%2F2025#08%3A31#Akari%20Hnin#foIDh32IFNyv-p4.mp3#Audio#Saved%20audio%20file%20'foIDh32IFNyv-p4.mp3'
19%2F06%2F2025#08%3A31#Akari%20Hnin#foIDh32IFNyv-s3.mp3#Audio#Saved%20audio%20file%20'foIDh32IFNyv-s3.mp3'
19%2F06%2F2025#08%3A31#Akari%20Hnin#foIDh32IFNyv-p3.mp3#Audio#Saved%20audio%20file%20'foIDh32IFNyv-p3.mp3'
19%2F06%2F2025#08%3A31#Akari%20Hnin#foIDh32IFNyv-s2.mp3#Audio#Saved%20audio%20file%20'foIDh32IFNyv-s2.mp3'
19%2F06%2F2025#08%3A30#Akari%20Hnin#foIDh32IFNyv-p2.mp3#Audio#Saved%20audio%20file%20'foIDh32IFNyv-p2.mp3'
19%2F06%2F2025#08%3A30#Akari%20Hnin#foIDh32IFNyv-s1.mp3#Audio#Saved%20audio%20file%20'foIDh32IFNyv-s1.mp3'
19%2F06%2F2025#08%3A30#Akari%20Hnin#foIDh32IFNyv-p1.mp3#Audio#Saved%20audio%20file%20'foIDh32IFNyv-p1.mp3'
19%2F06%2F2025#08%3A30#Akari%20Hnin#t7KJc8TifqnL-o3.mp3#Audio#Saved%20audio%20file%20't7KJc8TifqnL-o3.mp3'
19%2F06%2F2025#08%3A29#Akari%20Hnin#t7KJc8TifqnL-o2.mp3#Audio#Saved%20audio%20file%20't7KJc8TifqnL-o2.mp3'
19%2F06%2F2025#08%3A29#Akari%20Hnin#t7KJc8TifqnL.mp3#Audio#Saved%20audio%20file%20't7KJc8TifqnL.mp3'
19%2F06%2F2025#08%3A29#Akari%20Hnin#t7KJc8TifqnL-o1.mp3#Audio#Saved%20audio%20file%20't7KJc8TifqnL-o1.mp3'
19%2F06%2F2025#08%3A29#Akari%20Hnin#toNnZ6GEd6Sz-s4.mp3#Audio#Saved%20audio%20file%20'toNnZ6GEd6Sz-s4.mp3'
19%2F06%2F2025#08%3A28#Akari%20Hnin#toNnZ6GEd6Sz-p4.mp3#Audio#Saved%20audio%20file%20'toNnZ6GEd6Sz-p4.mp3'
19%2F06%2F2025#08%3A28#Akari%20Hnin#toNnZ6GEd6Sz-s3.mp3#Audio#Saved%20audio%20file%20'toNnZ6GEd6Sz-s3.mp3'
19%2F06%2F2025#08%3A28#Akari%20Hnin#toNnZ6GEd6Sz-p3.mp3#Audio#Saved%20audio%20file%20'toNnZ6GEd6Sz-p3.mp3'
19%2F06%2F2025#08%3A28#Akari%20Hnin#toNnZ6GEd6Sz-s2.mp3#Audio#Saved%20audio%20file%20'toNnZ6GEd6Sz-s2.mp3'
19%2F06%2F2025#08%3A28#Akari%20Hnin#toNnZ6GEd6Sz-p2.mp3#Audio#Saved%20audio%20file%20'toNnZ6GEd6Sz-p2.mp3'
19%2F06%2F2025#08%3A27#Akari%20Hnin#toNnZ6GEd6Sz-s1.mp3#Audio#Saved%20audio%20file%20'toNnZ6GEd6Sz-s1.mp3'
19%2F06%2F2025#08%3A27#Akari%20Hnin#toNnZ6GEd6Sz-p1.mp3#Audio#Saved%20audio%20file%20'toNnZ6GEd6Sz-p1.mp3'
19%2F06%2F2025#08%3A26#Akari%20Hnin#43dxxiF2VyWK-s4.mp3#Audio#Saved%20audio%20file%20'43dxxiF2VyWK-s4.mp3'
19%2F06%2F2025#08%3A26#Akari%20Hnin#43dxxiF2VyWK-p4.mp3#Audio#Saved%20audio%20file%20'43dxxiF2VyWK-p4.mp3'
19%2F06%2F2025#08%3A26#Akari%20Hnin#43dxxiF2VyWK-s3.mp3#Audio#Saved%20audio%20file%20'43dxxiF2VyWK-s3.mp3'
19%2F06%2F2025#08%3A26#Akari%20Hnin#43dxxiF2VyWK-p3.mp3#Audio#Saved%20audio%20file%20'43dxxiF2VyWK-p3.mp3'
19%2F06%2F2025#08%3A25#Akari%20Hnin#43dxxiF2VyWK-s2.mp3#Audio#Saved%20audio%20file%20'43dxxiF2VyWK-s2.mp3'
19%2F06%2F2025#08%3A25#Akari%20Hnin#43dxxiF2VyWK-p2.mp3#Audio#Saved%20audio%20file%20'43dxxiF2VyWK-p2.mp3'
19%2F06%2F2025#08%3A25#Akari%20Hnin#43dxxiF2VyWK-s1.mp3#Audio#Saved%20audio%20file%20'43dxxiF2VyWK-s1.mp3'
19%2F06%2F2025#08%3A25#Akari%20Hnin#43dxxiF2VyWK-p1.mp3#Audio#Saved%20audio%20file%20'43dxxiF2VyWK-p1.mp3'
19%2F06%2F2025#08%3A24#Akari%20Hnin#Eb9jEsKgyaSF.mp3#Audio#Saved%20audio%20file%20'Eb9jEsKgyaSF.mp3'
19%2F06%2F2025#08%3A23#Akari%20Hnin#K4rrNQdxiXEc.mp3#Audio#Saved%20audio%20file%20'K4rrNQdxiXEc.mp3'
19%2F06%2F2025#08%3A23#Akari%20Hnin#93e1lp0MAZcO-o3.mp3#Audio#Saved%20audio%20file%20'93e1lp0MAZcO-o3.mp3'
19%2F06%2F2025#08%3A23#Akari%20Hnin#93e1lp0MAZcO-o2.mp3#Audio#Saved%20audio%20file%20'93e1lp0MAZcO-o2.mp3'
19%2F06%2F2025#08%3A23#Akari%20Hnin#93e1lp0MAZcO-o1.mp3#Audio#Saved%20audio%20file%20'93e1lp0MAZcO-o1.mp3'
19%2F06%2F2025#08%3A22#Akari%20Hnin#93e1lp0MAZcO.mp3#Audio#Saved%20audio%20file%20'93e1lp0MAZcO.mp3'
19%2F06%2F2025#08%3A19#Akari%20Hnin#kLUMnUP0rU7U-s4.mp3#Audio#Saved%20audio%20file%20'kLUMnUP0rU7U-s4.mp3'
19%2F06%2F2025#08%3A19#Akari%20Hnin#kLUMnUP0rU7U-p4.mp3#Audio#Saved%20audio%20file%20'kLUMnUP0rU7U-p4.mp3'
19%2F06%2F2025#08%3A19#Akari%20Hnin#kLUMnUP0rU7U-s3.mp3#Audio#Saved%20audio%20file%20'kLUMnUP0rU7U-s3.mp3'
19%2F06%2F2025#08%3A18#Akari%20Hnin#kLUMnUP0rU7U-p3.mp3#Audio#Saved%20audio%20file%20'kLUMnUP0rU7U-p3.mp3'
19%2F06%2F2025#08%3A18#Akari%20Hnin#kLUMnUP0rU7U-s2.mp3#Audio#Saved%20audio%20file%20'kLUMnUP0rU7U-s2.mp3'
19%2F06%2F2025#08%3A18#Akari%20Hnin#kLUMnUP0rU7U-p2.mp3#Audio#Saved%20audio%20file%20'kLUMnUP0rU7U-p2.mp3'
19%2F06%2F2025#08%3A16#Akari%20Hnin#kLUMnUP0rU7U-p2.mp3#Audio#Saved%20audio%20file%20'kLUMnUP0rU7U-p2.mp3'
19%2F06%2F2025#08%3A16#Akari%20Hnin#kLUMnUP0rU7U-s1.mp3#Audio#Saved%20audio%20file%20'kLUMnUP0rU7U-s1.mp3'
19%2F06%2F2025#08%3A16#Akari%20Hnin#kLUMnUP0rU7U-p1.mp3#Audio#Saved%20audio%20file%20'kLUMnUP0rU7U-p1.mp3'
19%2F06%2F2025#08%3A16#Akari%20Hnin#kLUMnUP0rU7U-p1.mp3#Audio#Saved%20audio%20file%20'kLUMnUP0rU7U-p1.mp3'
19%2F06%2F2025#08%3A15#Akari%20Hnin#QO5b5GZvrB95-o3.mp3#Audio#Saved%20audio%20file%20'QO5b5GZvrB95-o3.mp3'
19%2F06%2F2025#08%3A15#Akari%20Hnin#QO5b5GZvrB95-o2.mp3#Audio#Saved%20audio%20file%20'QO5b5GZvrB95-o2.mp3'
19%2F06%2F2025#08%3A13#Akari%20Hnin#QO5b5GZvrB95-o1.mp3#Audio#Saved%20audio%20file%20'QO5b5GZvrB95-o1.mp3'
19%2F06%2F2025#08%3A13#Akari%20Hnin#CAwpbP4FCDDx.mp3#Audio#Saved%20audio%20file%20'CAwpbP4FCDDx.mp3'
19%2F06%2F2025#08%3A12#Akari%20Hnin#2R4sh49FSUer.mp3#Audio#Saved%20audio%20file%20'2R4sh49FSUer.mp3'
19%2F06%2F2025#08%3A12#Akari%20Hnin#LMc1JbTmBEvR-o3.mp3#Audio#Saved%20audio%20file%20'LMc1JbTmBEvR-o3.mp3'
19%2F06%2F2025#08%3A11#Akari%20Hnin#LMc1JbTmBEvR-o2.mp3#Audio#Saved%20audio%20file%20'LMc1JbTmBEvR-o2.mp3'
19%2F06%2F2025#08%3A11#Akari%20Hnin#LMc1JbTmBEvR-o1.mp3#Audio#Saved%20audio%20file%20'LMc1JbTmBEvR-o1.mp3'
19%2F06%2F2025#08%3A10#Akari%20Hnin#27B6IzlPR4MB-2.mp3#Audio#Saved%20audio%20file%20'27B6IzlPR4MB-2.mp3'
19%2F06%2F2025#08%3A10#Akari%20Hnin#27B6IzlPR4MB-2.mp3#Audio#Saved%20audio%20file%20'27B6IzlPR4MB-2.mp3'
19%2F06%2F2025#08%3A10#Akari%20Hnin#27B6IzlPR4MB-3.mp3#Audio#Saved%20audio%20file%20'27B6IzlPR4MB-3.mp3'
19%2F06%2F2025#08%3A10#Akari%20Hnin#27B6IzlPR4MB-2.mp3#Audio#Saved%20audio%20file%20'27B6IzlPR4MB-2.mp3'
19%2F06%2F2025#08%3A09#Akari%20Hnin#27B6IzlPR4MB-1.mp3#Audio#Saved%20audio%20file%20'27B6IzlPR4MB-1.mp3'
19%2F06%2F2025#08%3A09#Akari%20Hnin#27B6IzlPR4MB-0.mp3#Audio#Saved%20audio%20file%20'27B6IzlPR4MB-0.mp3'
19%2F06%2F2025#08%3A09#Akari%20Hnin#27B6IzlPR4MB.mp3#Audio#Saved%20audio%20file%20'27B6IzlPR4MB.mp3'
19%2F06%2F2025#08%3A08#Akari%20Hnin#2yo0Wk1xO7cR-s1.mp3#Audio#Saved%20audio%20file%20'2yo0Wk1xO7cR-s1.mp3'
19%2F06%2F2025#08%3A08#Akari%20Hnin#2yo0Wk1xO7cR-s2.mp3#Audio#Saved%20audio%20file%20'2yo0Wk1xO7cR-s2.mp3'
19%2F06%2F2025#08%3A08#Akari%20Hnin#2yo0Wk1xO7cR-s3.mp3#Audio#Saved%20audio%20file%20'2yo0Wk1xO7cR-s3.mp3'
19%2F06%2F2025#08%3A08#Akari%20Hnin#2yo0Wk1xO7cR-s4.mp3#Audio#Saved%20audio%20file%20'2yo0Wk1xO7cR-s4.mp3'
19%2F06%2F2025#08%3A08#Akari%20Hnin#2yo0Wk1xO7cR-p4.mp3#Audio#Saved%20audio%20file%20'2yo0Wk1xO7cR-p4.mp3'
19%2F06%2F2025#08%3A07#Akari%20Hnin#2yo0Wk1xO7cR-p3.mp3#Audio#Saved%20audio%20file%20'2yo0Wk1xO7cR-p3.mp3'
19%2F06%2F2025#08%3A07#Akari%20Hnin#2yo0Wk1xO7cR-p2.mp3#Audio#Saved%20audio%20file%20'2yo0Wk1xO7cR-p2.mp3'
19%2F06%2F2025#08%3A07#Akari%20Hnin#2yo0Wk1xO7cR-p1.mp3#Audio#Saved%20audio%20file%20'2yo0Wk1xO7cR-p1.mp3'
19%2F06%2F2025#08%3A06#Akari%20Hnin#BKJZvwILTD7f.mp3#Audio#Saved%20audio%20file%20'BKJZvwILTD7f.mp3'
19%2F06%2F2025#08%3A05#Akari%20Hnin#BKJZvwILTD7f-o3.mp3#Audio#Saved%20audio%20file%20'BKJZvwILTD7f-o3.mp3'
19%2F06%2F2025#08%3A05#Akari%20Hnin#BKJZvwILTD7f-o2.mp3#Audio#Saved%20audio%20file%20'BKJZvwILTD7f-o2.mp3'
19%2F06%2F2025#08%3A05#Akari%20Hnin#BKJZvwILTD7f-o1.mp3#Audio#Saved%20audio%20file%20'BKJZvwILTD7f-o1.mp3'
19%2F06%2F2025#08%3A04#Akari%20Hnin#D2nlAXHuIaSo-s1.mp3#Audio#Saved%20audio%20file%20'D2nlAXHuIaSo-s1.mp3'
19%2F06%2F2025#08%3A03#Akari%20Hnin#D2nlAXHuIaSo-p1.mp3#Audio#Saved%20audio%20file%20'D2nlAXHuIaSo-p1.mp3'
19%2F06%2F2025#08%3A02#Akari%20Hnin#D2nlAXHuIaSo-s3.mp3#Audio#Saved%20audio%20file%20'D2nlAXHuIaSo-s3.mp3'
19%2F06%2F2025#08%3A02#Akari%20Hnin#D2nlAXHuIaSo-p3.mp3#Audio#Saved%20audio%20file%20'D2nlAXHuIaSo-p3.mp3'
19%2F06%2F2025#08%3A01#Akari%20Hnin#uB90D3fWtaV6.mp3#Audio#Saved%20audio%20file%20'uB90D3fWtaV6.mp3'
19%2F06%2F2025#08%3A00#Akari%20Hnin#6hzLwfDQ5fCL-o3.mp3#Audio#Saved%20audio%20file%20'6hzLwfDQ5fCL-o3.mp3'
19%2F06%2F2025#08%3A00#Akari%20Hnin#6hzLwfDQ5fCL-o2.mp3#Audio#Saved%20audio%20file%20'6hzLwfDQ5fCL-o2.mp3'
19%2F06%2F2025#07%3A58#Akari%20Hnin#6hzLwfDQ5fCL-o1.mp3#Audio#Saved%20audio%20file%20'6hzLwfDQ5fCL-o1.mp3'
19%2F06%2F2025#07%3A47#Akari%20Hnin#000000000000#Project#Updated%20project%20metadata
19%2F06%2F2025#07%3A46#Akari%20Hnin#XxfwruprKuZR-p4.mp3#Audio#Saved%20audio%20file%20'XxfwruprKuZR-p4.mp3'
19%2F06%2F2025#07%3A46#Akari%20Hnin#XxfwruprKuZR-p3.mp3#Audio#Saved%20audio%20file%20'XxfwruprKuZR-p3.mp3'
19%2F06%2F2025#07%3A46#Akari%20Hnin#XxfwruprKuZR-p2.mp3#Audio#Saved%20audio%20file%20'XxfwruprKuZR-p2.mp3'
19%2F06%2F2025#07%3A45#Akari%20Hnin#XxfwruprKuZR-p1.mp3#Audio#Saved%20audio%20file%20'XxfwruprKuZR-p1.mp3'
19%2F06%2F2025#07%3A45#Akari%20Hnin#aZG1c6NEgKD0-c.mp3#Audio#Saved%20audio%20file%20'aZG1c6NEgKD0-c.mp3'
19%2F06%2F2025#07%3A45#Akari%20Hnin#aZG1c6NEgKD0-a.mp3#Audio#Saved%20audio%20file%20'aZG1c6NEgKD0-a.mp3'
19%2F06%2F2025#07%3A44#Akari%20Hnin#aZG1c6NEgKD0-b.mp3#Audio#Saved%20audio%20file%20'aZG1c6NEgKD0-b.mp3'
19%2F06%2F2025#07%3A44#Akari%20Hnin#BpacP67ykwiJ.mp3#Audio#Saved%20audio%20file%20'BpacP67ykwiJ.mp3'
19%2F06%2F2025#07%3A44#Akari%20Hnin#3ZKaFviAl1rF.mp3#Audio#Saved%20audio%20file%20'3ZKaFviAl1rF.mp3'
19%2F06%2F2025#07%3A43#Akari%20Hnin#3ZKaFviAl1rF.mp3#Audio#Saved%20audio%20file%20'3ZKaFviAl1rF.mp3'
19%2F06%2F2025#07%3A42#Akari%20Hnin#NXuOAW7nKWbn-o1.mp3#Audio#Saved%20audio%20file%20'NXuOAW7nKWbn-o1.mp3'
19%2F06%2F2025#07%3A42#Akari%20Hnin#B9DbChXFlJ1F-o1.mp3#Audio#Saved%20audio%20file%20'B9DbChXFlJ1F-o1.mp3'
19%2F06%2F2025#07%3A41#Akari%20Hnin#B9DbChXFlJ1F-o3.mp3#Audio#Saved%20audio%20file%20'B9DbChXFlJ1F-o3.mp3'
19%2F06%2F2025#07%3A40#Akari%20Hnin#mktEQEYhdWdf-p1.mp3#Audio#Saved%20audio%20file%20'mktEQEYhdWdf-p1.mp3'
19%2F06%2F2025#07%3A39#Akari%20Hnin#ngd5POiLBFfJ-0.mp3#Audio#Saved%20audio%20file%20'ngd5POiLBFfJ-0.mp3'
19%2F06%2F2025#07%3A38#Akari%20Hnin#ngd5POiLBFfJ-2.mp3#Audio#Saved%20audio%20file%20'ngd5POiLBFfJ-2.mp3'
19%2F06%2F2025#07%3A38#Akari%20Hnin#ngd5POiLBFfJ-2.mp3#Audio#Saved%20audio%20file%20'ngd5POiLBFfJ-2.mp3'
19%2F06%2F2025#07%3A37#Akari%20Hnin#ngd5POiLBFfJ-0.mp3#Audio#Saved%20audio%20file%20'ngd5POiLBFfJ-0.mp3'
19%2F06%2F2025#07%3A36#Akari%20Hnin#ngd5POiLBFfJ-0.mp3#Audio#Saved%20audio%20file%20'ngd5POiLBFfJ-0.mp3'
19%2F06%2F2025#07%3A34#Akari%20Hnin#h6WSercpY5L4-b.mp3#Audio#Saved%20audio%20file%20'h6WSercpY5L4-b.mp3'
19%2F06%2F2025#07%3A34#Akari%20Hnin#h6WSercpY5L4-a.mp3#Audio#Saved%20audio%20file%20'h6WSercpY5L4-a.mp3'
19%2F06%2F2025#07%3A32#Akari%20Hnin#G5C22UPhE7h3q6KOA7.mp3#Audio#Saved%20audio%20file%20'G5C22UPhE7h3q6KOA7.mp3'
19%2F06%2F2025#07%3A31#Akari%20Hnin#audio_match_id1.mp3#Audio#Saved%20audio%20file%20'audio_match_id1.mp3'
19%2F06%2F2025#07%3A28#Akari%20Hnin#cY9dXj8QAHTx.mp3#Audio#Saved%20audio%20file%20'cY9dXj8QAHTx.mp3'
19%2F06%2F2025#07%3A28#Akari%20Hnin#cY9dXj8QAHTx.mp3#Audio#Saved%20audio%20file%20'cY9dXj8QAHTx.mp3'
19%2F06%2F2025#07%3A27#Akari%20Hnin#GQaFnfmNVOzL.mp3#Audio#Saved%20audio%20file%20'GQaFnfmNVOzL.mp3'
18%2F06%2F2025#08%3A19#Akari%20Hnin#000000000000#Project#Updated%20project%20metadata
18%2F06%2F2025#08%3A17#Akari%20Hnin#SaRclX8GYBBY#Question#Deleted%20question%20'SaRclX8GYBBY'%20from%20lesson%20'IqGQlXRL0NZl'
18%2F06%2F2025#08%3A17#Akari%20Hnin#000000000000#Project#Updated%20project%20metadata
18%2F06%2F2025#08%3A16#Akari%20Hnin#RyBi3ObvRmtA-o2.mp3#Audio#Saved%20audio%20file%20'RyBi3ObvRmtA-o2.mp3'
18%2F06%2F2025#08%3A14#Akari%20Hnin#RyBi3ObvRmtA#Question#Added%20new%20'PickOne'%20question%20to%20lesson%20'6DhmlQfZwQ5X'
18%2F06%2F2025#08%3A09#Akari%20Hnin#NzAdRNhv7Tjr#Vocab#Updated%20vocabulary%20for%20skill%20'%E1%80%A1%20%E1%80%A1%E1%80%AC%20%E1%80%A1%E1%80%AC%E1%80%B8'
18%2F06%2F2025#08%3A05#Akari%20Hnin#NzAdRNhv7Tjr#Vocab#Updated%20vocabulary%20for%20skill%20'%E1%80%A1%20%E1%80%A1%E1%80%AC%20%E1%80%A1%E1%80%AC%E1%80%B8'
18%2F06%2F2025#08%3A01#Akari%20Hnin#NzAdRNhv7Tjr#Vocab#Updated%20vocabulary%20for%20skill%20'%E1%80%A1%20%E1%80%A1%E1%80%AC%20%E1%80%A1%E1%80%AC%E1%80%B8'
18%2F06%2F2025#07%3A58#Akari%20Hnin#3M5yCQN0uhoy#Question#Added%20new%20'PickOne'%20question%20to%20lesson%20'6DhmlQfZwQ5X'
18%2F06%2F2025#07%3A57#Akari%20Hnin#000000000000#Project#Updated%20project%20metadata
18%2F06%2F2025#07%3A56#Akari%20Hnin#NzAdRNhv7Tjr#Sentences#Updated%20sentences%20for%20skill%20'%E1%80%A1%20%E1%80%A1%E1%80%AC%20%E1%80%A1%E1%80%AC%E1%80%B8'
18%2F06%2F2025#07%3A49#Akari%20Hnin#Fygyy9B6R9jP#Question#Added%20new%20'PickOne'%20question%20to%20lesson%20'6DhmlQfZwQ5X'
18%2F06%2F2025#07%3A48#Akari%20Hnin#73Y9hpzixYrd#Question#Added%20new%20'FlashCard'%20question%20to%20lesson%20'6DhmlQfZwQ5X'
18%2F06%2F2025#07%3A46#Akari%20Hnin#B9l2SB1oXkAg#Question#Added%20new%20'Match'%20question%20to%20lesson%20'6DhmlQfZwQ5X'
18%2F06%2F2025#07%3A42#Akari%20Hnin#vIJ9LVdL93o0#Question#Added%20new%20'FlashCard'%20question%20to%20lesson%20'6DhmlQfZwQ5X'
18%2F06%2F2025#07%3A41#Akari%20Hnin#Bp5LkIG3NeiG#Question#Added%20new%20'FlashCard'%20question%20to%20lesson%20'6DhmlQfZwQ5X'
18%2F06%2F2025#07%3A40#Akari%20Hnin#ESpGRYtx4fxW#Question#Added%20new%20'FlashCard'%20question%20to%20lesson%20'6DhmlQfZwQ5X'
18%2F06%2F2025#07%3A38#Akari%20Hnin#000000000000#Project#Updated%20project%20metadata
18%2F06%2F2025#07%3A37#Akari%20Hnin#000000000000#Project#Updated%20project%20metadata
18%2F06%2F2025#07%3A37#Akari%20Hnin#NzAdRNhv7Tjr#Vocab#Updated%20vocabulary%20for%20skill%20'%E1%80%A1%20%E1%80%A1%E1%80%AC%20%E1%80%A1%E1%80%AC%E1%80%B8'
18%2F06%2F2025#07%3A36#Akari%20Hnin#000000000000#Project#Updated%20project%20metadata
18%2F06%2F2025#07%3A35#Akari%20Hnin#i0McOBXitiGl#Vocab#Updated%20vocabulary%20for%20skill%20'The%20Consonants'
18%2F06%2F2025#07%3A34#Akari%20Hnin#i0McOBXitiGl#Sentences#Updated%20sentences%20for%20skill%20'The%20Consonants'
18%2F06%2F2025#07%3A33#Akari%20Hnin#i0McOBXitiGl#Vocab#Updated%20vocabulary%20for%20skill%20'The%20Consonants'
18%2F06%2F2025#07%3A31#Akari%20Hnin#i0McOBXitiGl#Vocab#Updated%20vocabulary%20for%20skill%20'The%20Consonants'
18%2F06%2F2025#07%3A30#Akari%20Hnin#i0McOBXitiGl#Vocab#Updated%20vocabulary%20for%20skill%20'The%20Consonants'
18%2F06%2F2025#07%3A26#Akari%20Hnin#000000000000#Project#Updated%20project%20metadata
18%2F06%2F2025#07%3A26#Akari%20Hnin#i0McOBXitiGl#Vocab#Updated%20vocabulary%20for%20skill%20'The%20Consonants'
18%2F06%2F2025#07%3A22#Akari%20Hnin#i0McOBXitiGl#Notes#Updated%20notes%20for%20skill%20'The%20Consonants'
18%2F06%2F2025#07%3A20#Akari%20Hnin#i0McOBXitiGl#Notes#Updated%20notes%20for%20skill%20'The%20Consonants'
18%2F06%2F2025#07%3A18#Akari%20Hnin#i0McOBXitiGl#Notes#Updated%20notes%20for%20skill%20'The%20Consonants'
18%2F06%2F2025#07%3A18#Akari%20Hnin#i0McOBXitiGl#Notes#Updated%20notes%20for%20skill%20'The%20Consonants'
18%2F06%2F2025#07%3A18#Akari%20Hnin#i0McOBXitiGl#Notes#Updated%20notes%20for%20skill%20'The%20Consonants'
18%2F06%2F2025#07%3A17#Akari%20Hnin#i0McOBXitiGl#Notes#Updated%20notes%20for%20skill%20'The%20Consonants'
17%2F06%2F2025#15%3A57#Akari%20Hnin#000000000000#Project#Updated%20project%20metadata
17%2F06%2F2025#15%3A56#Akari%20Hnin#bk9Zshokd1fV#Skill#Added%20new%20skill%20'New%20Skill'%20to%20unit%200
17%2F06%2F2025#15%3A56#Akari%20Hnin#kw3EQAmv6fOw#Skill#Updated%20skill%20'%E1%80%A1%E1%80%AF%20%E1%80%A1%E1%80%B0%20%E1%80%A1%E1%80%B0%E1%80%B8'%20details
17%2F06%2F2025#15%3A56#Akari%20Hnin#kw3EQAmv6fOw#Skill#Added%20new%20skill%20'New%20Skill'%20to%20unit%200
17%2F06%2F2025#15%3A56#Akari%20Hnin#UY1qiqSRSXQw#Skill#Updated%20skill%20'%E1%80%A1%E1%80%AD%20%E1%80%A1%E1%80%AE%20%E1%80%A1%E1%80%AE%E1%80%B8'%20details
17%2F06%2F2025#15%3A56#Akari%20Hnin#UY1qiqSRSXQw#Skill#Added%20new%20skill%20'New%20Skill'%20to%20unit%200
17%2F06%2F2025#15%3A53#Akari%20Hnin#6DhmlQfZwQ5X#Lesson#Added%20new%20lesson%203%20to%20skill%20'NzAdRNhv7Tjr'
17%2F06%2F2025#15%3A52#Akari%20Hnin#Hc9N3YGzfU4o#Question#Added%20new%20'PickOne'%20question%20to%20lesson%20'1IeZTbTjLpE7'
17%2F06%2F2025#15%3A51#Akari%20Hnin#w2zit1G2v5KJ#Question#Added%20new%20'PickMissingWord'%20question%20to%20lesson%20'1IeZTbTjLpE7'
17%2F06%2F2025#15%3A47#Akari%20Hnin#YPWwG43iBfZZ#Question#Added%20new%20'PickWords'%20question%20to%20lesson%20'1IeZTbTjLpE7'
17%2F06%2F2025#15%3A45#Akari%20Hnin#6P2BwGUn8tvq#Question#Added%20new%20'PickOne'%20question%20to%20lesson%20'1IeZTbTjLpE7'
17%2F06%2F2025#15%3A43#Akari%20Hnin#IweimdvKStVV#Question#Added%20new%20'Match'%20question%20to%20lesson%20'1IeZTbTjLpE7'
17%2F06%2F2025#15%3A42#Akari%20Hnin#NzAdRNhv7Tjr#Skill#Updated%20skill%20'%E1%80%A1%20%E1%80%A1%E1%80%AC%20%E1%80%A1%E1%80%AC%E1%80%B8'%20details
17%2F06%2F2025#15%3A41#Akari%20Hnin#NzAdRNhv7Tjr#Skill#Updated%20skill%20'%E1%80%A1%20%E1%80%A1%E1%80%AC%20%E1%80%A1%E1%80%AC%E1%80%B8'%20details
17%2F06%2F2025#12%3A48#Akari%20Hnin#000000000000#Project#Updated%20project%20metadata
17%2F06%2F2025#12%3A48#Akari%20Hnin#GQaFnfmNVOzL.mp3#Audio#Saved%20audio%20file%20'GQaFnfmNVOzL.mp3'
17%2F06%2F2025#10%3A59#Akari%20Hnin#000000000000#Project#Updated%20project%20metadata
17%2F06%2F2025#10%3A57#Akari%20Hnin#000000000000#Project#Updated%20project%20metadata
17%2F06%2F2025#10%3A57#Akari%20Hnin#Bxph02Td6oEL.mp3#Audio#Saved%20audio%20file%20'Bxph02Td6oEL.mp3'
17%2F06%2F2025#10%3A57#Akari%20Hnin#VBvJdqQAN4RD.mp3#Audio#Saved%20audio%20file%20'VBvJdqQAN4RD.mp3'
17%2F06%2F2025#10%3A56#Akari%20Hnin#z5EnkCs5bjPj.mp3#Audio#Saved%20audio%20file%20'z5EnkCs5bjPj.mp3'
17%2F06%2F2025#10%3A56#Akari%20Hnin#WXp1dkWxTcGZ.mp3#Audio#Saved%20audio%20file%20'WXp1dkWxTcGZ.mp3'
17%2F06%2F2025#10%3A56#Akari%20Hnin#xHqijVMipJ0b.mp3#Audio#Saved%20audio%20file%20'xHqijVMipJ0b.mp3'
17%2F06%2F2025#10%3A55#Akari%20Hnin#2R4sh49FSUer.mp3#Audio#Saved%20audio%20file%20'2R4sh49FSUer.mp3'
17%2F06%2F2025#10%3A53#Akari%20Hnin#bxuVYSQyXtF1.mp3#Audio#Saved%20audio%20file%20'bxuVYSQyXtF1.mp3'
17%2F06%2F2025#10%3A52#Akari%20Hnin#BTtfb4N33gxT.mp3#Audio#Saved%20audio%20file%20'BTtfb4N33gxT.mp3'
17%2F06%2F2025#10%3A52#Akari%20Hnin#xL5GtwvDXk8f.mp3#Audio#Saved%20audio%20file%20'xL5GtwvDXk8f.mp3'
17%2F06%2F2025#10%3A51#Akari%20Hnin#000000000000#Project#Updated%20project%20metadata
17%2F06%2F2025#10%3A50#Akari%20Hnin#SFmQAWuKDvtS.mp3#Audio#Saved%20audio%20file%20'SFmQAWuKDvtS.mp3'
17%2F06%2F2025#10%3A47#Akari%20Hnin#sysQs9Zbfz0Y.mp3#Audio#Saved%20audio%20file%20'sysQs9Zbfz0Y.mp3'
17%2F06%2F2025#10%3A47#Akari%20Hnin#n6KJwPCFHTe4.mp3#Audio#Saved%20audio%20file%20'n6KJwPCFHTe4.mp3'
17%2F06%2F2025#10%3A46#Akari%20Hnin#PfLGiDniyqmY-o3.mp3#Audio#Saved%20audio%20file%20'PfLGiDniyqmY-o3.mp3'
17%2F06%2F2025#10%3A46#Akari%20Hnin#PfLGiDniyqmY-o2.mp3#Audio#Saved%20audio%20file%20'PfLGiDniyqmY-o2.mp3'
17%2F06%2F2025#10%3A45#Akari%20Hnin#PfLGiDniyqmY-o1.mp3#Audio#Saved%20audio%20file%20'PfLGiDniyqmY-o1.mp3'
17%2F06%2F2025#10%3A45#Akari%20Hnin#000000000000#Project#Updated%20project%20metadata
17%2F06%2F2025#10%3A44#Akari%20Hnin#D2nlAXHuIaSo-s4.mp3#Audio#Saved%20audio%20file%20'D2nlAXHuIaSo-s4.mp3'
17%2F06%2F2025#10%3A44#Akari%20Hnin#D2nlAXHuIaSo-p4.mp3#Audio#Saved%20audio%20file%20'D2nlAXHuIaSo-p4.mp3'
17%2F06%2F2025#10%3A44#Akari%20Hnin#D2nlAXHuIaSo-s3.mp3#Audio#Saved%20audio%20file%20'D2nlAXHuIaSo-s3.mp3'
17%2F06%2F2025#10%3A44#Akari%20Hnin#D2nlAXHuIaSo-p3.mp3#Audio#Saved%20audio%20file%20'D2nlAXHuIaSo-p3.mp3'
17%2F06%2F2025#10%3A43#Akari%20Hnin#D2nlAXHuIaSo-s2.mp3#Audio#Saved%20audio%20file%20'D2nlAXHuIaSo-s2.mp3'
17%2F06%2F2025#10%3A43#Akari%20Hnin#D2nlAXHuIaSo-p2.mp3#Audio#Saved%20audio%20file%20'D2nlAXHuIaSo-p2.mp3'
17%2F06%2F2025#10%3A42#Akari%20Hnin#D2nlAXHuIaSo-s1.mp3#Audio#Saved%20audio%20file%20'D2nlAXHuIaSo-s1.mp3'
17%2F06%2F2025#10%3A41#Akari%20Hnin#D2nlAXHuIaSo-p1.mp3#Audio#Saved%20audio%20file%20'D2nlAXHuIaSo-p1.mp3'
17%2F06%2F2025#10%3A40#Akari%20Hnin#D0VS4gMta9WZ-o3.mp3#Audio#Saved%20audio%20file%20'D0VS4gMta9WZ-o3.mp3'
17%2F06%2F2025#10%3A39#Akari%20Hnin#D0VS4gMta9WZ-o2.mp3#Audio#Saved%20audio%20file%20'D0VS4gMta9WZ-o2.mp3'
17%2F06%2F2025#10%3A39#Akari%20Hnin#D0VS4gMta9WZ-o1.mp3#Audio#Saved%20audio%20file%20'D0VS4gMta9WZ-o1.mp3'
17%2F06%2F2025#10%3A37#Akari%20Hnin#lme0ujKRsjEK.mp3#Audio#Saved%20audio%20file%20'lme0ujKRsjEK.mp3'
17%2F06%2F2025#10%3A28#Akari%20Hnin#NXuOAW7nKWbn-o3.mp3#Audio#Saved%20audio%20file%20'NXuOAW7nKWbn-o3.mp3'
17%2F06%2F2025#10%3A28#Akari%20Hnin#NXuOAW7nKWbn-o2.mp3#Audio#Saved%20audio%20file%20'NXuOAW7nKWbn-o2.mp3'
17%2F06%2F2025#10%3A28#Akari%20Hnin#NXuOAW7nKWbn-o1.mp3#Audio#Saved%20audio%20file%20'NXuOAW7nKWbn-o1.mp3'
17%2F06%2F2025#10%3A27#Akari%20Hnin#eVBeHDF455It.mp3#Audio#Saved%20audio%20file%20'eVBeHDF455It.mp3'
17%2F06%2F2025#10%3A26#Akari%20Hnin#fniyfcYWZ4Ip.mp3#Audio#Saved%20audio%20file%20'fniyfcYWZ4Ip.mp3'
17%2F06%2F2025#10%3A24#Akari%20Hnin#A2hQMNMTlOsY.mp3#Audio#Saved%20audio%20file%20'A2hQMNMTlOsY.mp3'
17%2F06%2F2025#10%3A22#Akari%20Hnin#000000000000#Project#Updated%20project%20metadata
17%2F06%2F2025#10%3A21#Akari%20Hnin#000000000000#Project#Updated%20project%20metadata
17%2F06%2F2025#10%3A20#Akari%20Hnin#000000000000#Project#Updated%20project%20metadata
17%2F06%2F2025#09%3A33#Akari%20Hnin#000000000000#Project#Updated%20project%20metadata
17%2F06%2F2025#09%3A32#Akari%20Hnin#T3MeweRacNzz#Question#Added%20new%20'FlashCard'%20question%20to%20lesson%20'1IeZTbTjLpE7'
17%2F06%2F2025#09%3A28#Akari%20Hnin#PhNrgiIUrp9O#Question#Added%20new%20'WriteWords'%20question%20to%20lesson%20'1IeZTbTjLpE7'
17%2F06%2F2025#09%3A27#Akari%20Hnin#lnTAi7U4T0XH#Question#Added%20new%20'FlashCard'%20question%20to%20lesson%20'1IeZTbTjLpE7'
17%2F06%2F2025#09%3A27#Akari%20Hnin#MgbLN7NiEN99#Question#Added%20new%20'FlashCard'%20question%20to%20lesson%20'1IeZTbTjLpE7'
17%2F06%2F2025#09%3A26#Akari%20Hnin#tXbIOe8YWMfc#Question#Added%20new%20'FlashCard'%20question%20to%20lesson%20'1IeZTbTjLpE7'
17%2F06%2F2025#09%3A20#Akari%20Hnin#hKpzAHVO4pbm#Question#Added%20new%20'Match'%20question%20to%20lesson%20'RKWhkRbEKS8Y'
17%2F06%2F2025#09%3A19#Akari%20Hnin#oAYn1m3aKeNa#Question#Added%20new%20'Match'%20question%20to%20lesson%20'RKWhkRbEKS8Y'
17%2F06%2F2025#09%3A18#Akari%20Hnin#eT3R7cOWmPKM#Question#Deleted%20question%20'eT3R7cOWmPKM'%20from%20lesson%20'1IeZTbTjLpE7'
17%2F06%2F2025#09%3A18#Akari%20Hnin#1IeZTbTjLpE7#Lesson#Added%20new%20lesson%202%20to%20skill%20'NzAdRNhv7Tjr'
17%2F06%2F2025#09%3A17#Akari%20Hnin#dcWPs1yu451n#Question#Added%20new%20'FlashCard'%20question%20to%20lesson%20'RKWhkRbEKS8Y'
17%2F06%2F2025#09%3A17#Akari%20Hnin#9EFo2z7Ye5RE#Question#Added%20new%20'FlashCard'%20question%20to%20lesson%20'RKWhkRbEKS8Y'
17%2F06%2F2025#09%3A13#Akari%20Hnin#000000000000#Project#Updated%20project%20metadata
17%2F06%2F2025#09%3A13#Akari%20Hnin#jsYtWLjvQAre#Question#Added%20new%20'PickOneAudio'%20question%20to%20lesson%20'RKWhkRbEKS8Y'
17%2F06%2F2025#08%3A56#Akari%20Hnin#000000000000#Project#Updated%20project%20metadata
17%2F06%2F2025#08%3A55#Akari%20Hnin#D71OJ9Zy1PAw#Question#Added%20new%20'FlashCard'%20question%20to%20lesson%20'RKWhkRbEKS8Y'
17%2F06%2F2025#08%3A52#Akari%20Hnin#UFcn2aluXf23#Question#Added%20new%20'WriteWords'%20question%20to%20lesson%20'RKWhkRbEKS8Y'
17%2F06%2F2025#08%3A52#Akari%20Hnin#EuOSTVfy5c5p#Question#Added%20new%20'PickOne'%20question%20to%20lesson%20'RKWhkRbEKS8Y'
17%2F06%2F2025#08%3A51#Akari%20Hnin#PYg9N9nDyOFF#Question#Added%20new%20'FlashCard'%20question%20to%20lesson%20'RKWhkRbEKS8Y'
17%2F06%2F2025#08%3A51#Akari%20Hnin#djazjOFkTHWO#Question#Added%20new%20'FlashCard'%20question%20to%20lesson%20'RKWhkRbEKS8Y'
17%2F06%2F2025#08%3A50#Akari%20Hnin#9CMrxFXDHqAl#Question#Added%20new%20'FlashCard'%20question%20to%20lesson%20'RKWhkRbEKS8Y'
17%2F06%2F2025#08%3A50#Akari%20Hnin#EDzI0BiqKVjA#Question#Added%20new%20'FlashCard'%20question%20to%20lesson%20'RKWhkRbEKS8Y'
17%2F06%2F2025#08%3A47#Akari%20Hnin#vW97bHvumfku#Question#Deleted%20question%20'vW97bHvumfku'%20from%20lesson%20'RKWhkRbEKS8Y'
17%2F06%2F2025#08%3A47#Akari%20Hnin#NzAdRNhv7Tjr#Skill#Updated%20skill%20'The%20Basic%20Vowels'%20details
17%2F06%2F2025#08%3A46#Akari%20Hnin#NzAdRNhv7Tjr#Skill#Updated%20skill%20'The%20Basic%20Vowels'%20details
17%2F06%2F2025#08%3A45#Akari%20Hnin#NzAdRNhv7Tjr#Skill#Updated%20skill%20'New%20Skill'%20details
17%2F06%2F2025#08%3A45#Akari%20Hnin#NzAdRNhv7Tjr#Skill#Updated%20skill%20'New%20Skill'%20details
17%2F06%2F2025#08%3A45#Akari%20Hnin#NzAdRNhv7Tjr#Skill#Updated%20skill%20'New%20Skill'%20details
17%2F06%2F2025#08%3A45#Akari%20Hnin#NzAdRNhv7Tjr#Skill#Updated%20skill%20'New%20Skill'%20details
17%2F06%2F2025#08%3A44#Akari%20Hnin#NzAdRNhv7Tjr#Skill#Updated%20skill%20'New%20Skill'%20details
17%2F06%2F2025#08%3A44#Akari%20Hnin#NzAdRNhv7Tjr#Skill#Updated%20skill%20'New%20Skill'%20details
17%2F06%2F2025#08%3A44#Akari%20Hnin#NzAdRNhv7Tjr#Skill#Added%20new%20skill%20'New%20Skill'%20to%20unit%200
17%2F06%2F2025#08%3A29#Akari%20Hnin#000000000000#Project#Updated%20project%20metadata
17%2F06%2F2025#08%3A28#Akari%20Hnin#pK0tQMYQHXd6#Question#Added%20new%20'PickOne'%20question%20to%20lesson%20'gWjQZQRf7aqG'
17%2F06%2F2025#08%3A27#Akari%20Hnin#V0V5Q97Tu6JQ#Question#Added%20new%20'Match'%20question%20to%20lesson%20'gWjQZQRf7aqG'
17%2F06%2F2025#08%3A26#Akari%20Hnin#6LVi5i5hPYkN#Question#Added%20new%20'Match'%20question%20to%20lesson%20'gWjQZQRf7aqG'
17%2F06%2F2025#08%3A25#Akari%20Hnin#t7KJc8TifqnL#Question#Added%20new%20'PickOne'%20question%20to%20lesson%20'gWjQZQRf7aqG'
17%2F06%2F2025#08%3A24#Akari%20Hnin#foIDh32IFNyv#Question#Added%20new%20'Match'%20question%20to%20lesson%20'gWjQZQRf7aqG'
17%2F06%2F2025#08%3A23#Akari%20Hnin#toNnZ6GEd6Sz#Question#Added%20new%20'Match'%20question%20to%20lesson%20'gWjQZQRf7aqG'
17%2F06%2F2025#08%3A22#Akari%20Hnin#43dxxiF2VyWK#Question#Added%20new%20'Match'%20question%20to%20lesson%20'gWjQZQRf7aqG'
17%2F06%2F2025#08%3A21#Akari%20Hnin#K4rrNQdxiXEc#Question#Added%20new%20'FlashCard'%20question%20to%20lesson%20'gWjQZQRf7aqG'
17%2F06%2F2025#08%3A20#Akari%20Hnin#gWjQZQRf7aqG#Lesson#Added%20new%20lesson%205%20to%20skill%20'i0McOBXitiGl'
17%2F06%2F2025#08%3A19#Akari%20Hnin#000000000000#Project#Updated%20project%20metadata
17%2F06%2F2025#08%3A19#Akari%20Hnin#Bxph02Td6oEL#Question#Added%20new%20'FlashCard'%20question%20to%20lesson%20'0f3ZBu6YCgU5'
17%2F06%2F2025#08%3A17#Akari%20Hnin#VBvJdqQAN4RD#Question#Added%20new%20'FlashCard'%20question%20to%20lesson%20'0f3ZBu6YCgU5'
17%2F06%2F2025#08%3A17#Akari%20Hnin#kLUMnUP0rU7U#Question#Added%20new%20'Match'%20question%20to%20lesson%20'0f3ZBu6YCgU5'
17%2F06%2F2025#08%3A17#Akari%20Hnin#z5EnkCs5bjPj#Question#Added%20new%20'FlashCard'%20question%20to%20lesson%20'0f3ZBu6YCgU5'
17%2F06%2F2025#08%3A15#Akari%20Hnin#QO5b5GZvrB95#Question#Added%20new%20'PickOne'%20question%20to%20lesson%20'0f3ZBu6YCgU5'
17%2F06%2F2025#08%3A14#Akari%20Hnin#WXp1dkWxTcGZ#Question#Added%20new%20'FlashCard'%20question%20to%20lesson%20'0f3ZBu6YCgU5'
17%2F06%2F2025#08%3A14#Akari%20Hnin#xHqijVMipJ0b#Question#Added%20new%20'FlashCard'%20question%20to%20lesson%20'0f3ZBu6YCgU5'
17%2F06%2F2025#08%3A13#Akari%20Hnin#CAwpbP4FCDDx#Question#Added%20new%20'FlashCard'%20question%20to%20lesson%20'0f3ZBu6YCgU5'
17%2F06%2F2025#08%3A10#Akari%20Hnin#27B6IzlPR4MB#Question#Added%20new%20'PickWords'%20question%20to%20lesson%20'ppPwMmAoAdPx'
17%2F06%2F2025#08%3A09#Akari%20Hnin#0f3ZBu6YCgU5#Lesson#Added%20new%20lesson%204%20to%20skill%20'i0McOBXitiGl'
17%2F06%2F2025#08%3A09#Akari%20Hnin#000000000000#Project#Updated%20project%20metadata
17%2F06%2F2025#08%3A07#Akari%20Hnin#2yo0Wk1xO7cR#Question#Added%20new%20'Match'%20question%20to%20lesson%20'ppPwMmAoAdPx'
17%2F06%2F2025#08%3A07#Akari%20Hnin#bxuVYSQyXtF1#Question#Added%20new%20'FlashCard'%20question%20to%20lesson%20'ppPwMmAoAdPx'
17%2F06%2F2025#08%3A06#Akari%20Hnin#BKJZvwILTD7f#Question#Added%20new%20'PickOne'%20question%20to%20lesson%20'ppPwMmAoAdPx'
17%2F06%2F2025#08%3A06#Akari%20Hnin#BTtfb4N33gxT#Question#Added%20new%20'FlashCard'%20question%20to%20lesson%20'ppPwMmAoAdPx'
17%2F06%2F2025#08%3A04#Akari%20Hnin#xL5GtwvDXk8f#Question#Added%20new%20'FlashCard'%20question%20to%20lesson%20'ppPwMmAoAdPx'
17%2F06%2F2025#08%3A04#Akari%20Hnin#SFmQAWuKDvtS#Question#Added%20new%20'FlashCard'%20question%20to%20lesson%20'ppPwMmAoAdPx'
17%2F06%2F2025#08%3A03#Akari%20Hnin#6hzLwfDQ5fCL#Question#Added%20new%20'PickOne'%20question%20to%20lesson%20'ppPwMmAoAdPx'
17%2F06%2F2025#08%3A03#Akari%20Hnin#sysQs9Zbfz0Y#Question#Added%20new%20'FlashCard'%20question%20to%20lesson%20'ppPwMmAoAdPx'
17%2F06%2F2025#08%3A01#Akari%20Hnin#ppPwMmAoAdPx#Lesson#Added%20new%20lesson%203%20to%20skill%20'i0McOBXitiGl'
17%2F06%2F2025#08%3A01#Akari%20Hnin#D2nlAXHuIaSo#Question#Added%20new%20'Match'%20question%20to%20lesson%20'UwQ6J70JlHie'
17%2F06%2F2025#08%3A00#Akari%20Hnin#D0VS4gMta9WZ#Question#Added%20new%20'PickOne'%20question%20to%20lesson%20'UwQ6J70JlHie'
17%2F06%2F2025#08%3A00#Akari%20Hnin#lme0ujKRsjEK#Question#Added%20new%20'FlashCard'%20question%20to%20lesson%20'UwQ6J70JlHie'
17%2F06%2F2025#07%3A58#Akari%20Hnin#XxfwruprKuZR#Question#Added%20new%20'Match'%20question%20to%20lesson%20'UwQ6J70JlHie'
17%2F06%2F2025#07%3A58#Akari%20Hnin#uB90D3fWtaV6#Question#Added%20new%20'FlashCard'%20question%20to%20lesson%20'UwQ6J70JlHie'
17%2F06%2F2025#07%3A58#Akari%20Hnin#aZG1c6NEgKD0#Question#Added%20new%20'PickOneAudio'%20question%20to%20lesson%20'UwQ6J70JlHie'
17%2F06%2F2025#07%3A57#Akari%20Hnin#BpacP67ykwiJ#Question#Added%20new%20'FlashCard'%20question%20to%20lesson%20'UwQ6J70JlHie'
17%2F06%2F2025#07%3A55#Akari%20Hnin#3ZKaFviAl1rF#Question#Added%20new%20'FlashCard'%20question%20to%20lesson%20'UwQ6J70JlHie'
17%2F06%2F2025#07%3A54#Akari%20Hnin#NXuOAW7nKWbn#Question#Added%20new%20'PickOne'%20question%20to%20lesson%20'UwQ6J70JlHie'
17%2F06%2F2025#07%3A53#Akari%20Hnin#eVBeHDF455It#Question#Added%20new%20'FlashCard'%20question%20to%20lesson%20'UwQ6J70JlHie'
17%2F06%2F2025#07%3A53#Akari%20Hnin#pI0Ii9w5I7I2#Question#Deleted%20question%20'pI0Ii9w5I7I2'%20from%20lesson%20'UwQ6J70JlHie'
17%2F06%2F2025#07%3A47#Akari%20Hnin#i0McOBXitiGl#Notes#Updated%20notes%20for%20skill%20'The%20Consonants'
17%2F06%2F2025#06%3A27#Akari%20Hnin#000000000000#Project#Updated%20project%20metadata
17%2F06%2F2025#06%3A26#Akari%20Hnin#B9DbChXFlJ1F-o3.mp3#Audio#Saved%20audio%20file%20'B9DbChXFlJ1F-o3.mp3'
17%2F06%2F2025#06%3A26#Akari%20Hnin#B9DbChXFlJ1F-o2.mp3#Audio#Saved%20audio%20file%20'B9DbChXFlJ1F-o2.mp3'
17%2F06%2F2025#06%3A26#Akari%20Hnin#B9DbChXFlJ1F-o1.mp3#Audio#Saved%20audio%20file%20'B9DbChXFlJ1F-o1.mp3'
17%2F06%2F2025#06%3A20#Akari%20Hnin#mktEQEYhdWdf-p4.mp3#Audio#Saved%20audio%20file%20'mktEQEYhdWdf-p4.mp3'
17%2F06%2F2025#06%3A20#Akari%20Hnin#mktEQEYhdWdf-p3.mp3#Audio#Saved%20audio%20file%20'mktEQEYhdWdf-p3.mp3'
17%2F06%2F2025#06%3A17#Akari%20Hnin#mktEQEYhdWdf-p2.mp3#Audio#Saved%20audio%20file%20'mktEQEYhdWdf-p2.mp3'
17%2F06%2F2025#06%3A17#Akari%20Hnin#mktEQEYhdWdf-p1.mp3#Audio#Saved%20audio%20file%20'mktEQEYhdWdf-p1.mp3'
17%2F06%2F2025#06%3A17#Akari%20Hnin#8DZ7fmd2Ly0S-o3.mp3#Audio#Saved%20audio%20file%20'8DZ7fmd2Ly0S-o3.mp3'
17%2F06%2F2025#06%3A16#Akari%20Hnin#8DZ7fmd2Ly0S-o2.mp3#Audio#Saved%20audio%20file%20'8DZ7fmd2Ly0S-o2.mp3'
17%2F06%2F2025#06%3A14#Akari%20Hnin#8DZ7fmd2Ly0S-o2.mp3#Audio#Saved%20audio%20file%20'8DZ7fmd2Ly0S-o2.mp3'
17%2F06%2F2025#06%3A14#Akari%20Hnin#8DZ7fmd2Ly0S-o2.mp3#Audio#Saved%20audio%20file%20'8DZ7fmd2Ly0S-o2.mp3'
17%2F06%2F2025#06%3A14#Akari%20Hnin#8DZ7fmd2Ly0S-o2.mp3#Audio#Saved%20audio%20file%20'8DZ7fmd2Ly0S-o2.mp3'
17%2F06%2F2025#06%3A13#Akari%20Hnin#8DZ7fmd2Ly0S-o1.mp3#Audio#Saved%20audio%20file%20'8DZ7fmd2Ly0S-o1.mp3'
17%2F06%2F2025#06%3A11#Akari%20Hnin#U3uKZxX3lJZN.mp3#Audio#Saved%20audio%20file%20'U3uKZxX3lJZN.mp3'
17%2F06%2F2025#06%3A10#Akari%20Hnin#D82OxNQTCAY2.mp3#Audio#Saved%20audio%20file%20'D82OxNQTCAY2.mp3'
17%2F06%2F2025#06%3A08#Akari%20Hnin#ngd5POiLBFfJ-3.mp3#Audio#Saved%20audio%20file%20'ngd5POiLBFfJ-3.mp3'
17%2F06%2F2025#06%3A07#Akari%20Hnin#ngd5POiLBFfJ-2.mp3#Audio#Saved%20audio%20file%20'ngd5POiLBFfJ-2.mp3'
17%2F06%2F2025#06%3A07#Akari%20Hnin#ngd5POiLBFfJ-2.mp3#Audio#Saved%20audio%20file%20'ngd5POiLBFfJ-2.mp3'
17%2F06%2F2025#06%3A07#Akari%20Hnin#ngd5POiLBFfJ-2.mp3#Audio#Saved%20audio%20file%20'ngd5POiLBFfJ-2.mp3'
17%2F06%2F2025#06%3A07#Akari%20Hnin#ngd5POiLBFfJ-1.mp3#Audio#Saved%20audio%20file%20'ngd5POiLBFfJ-1.mp3'
17%2F06%2F2025#06%3A06#Akari%20Hnin#ngd5POiLBFfJ-0.mp3#Audio#Saved%20audio%20file%20'ngd5POiLBFfJ-0.mp3'
17%2F06%2F2025#05%3A59#Akari%20Hnin#lkqVpquJycz3.mp3#Audio#Saved%20audio%20file%20'lkqVpquJycz3.mp3'
17%2F06%2F2025#05%3A10#Akari%20Hnin#000000000000#Project#Updated%20project%20metadata
17%2F06%2F2025#05%3A02#Akari%20Hnin#UwQ6J70JlHie#Lesson#Added%20new%20lesson%202%20to%20skill%20'i0McOBXitiGl'
17%2F06%2F2025#05%3A02#Akari%20Hnin#B9DbChXFlJ1F#Question#Added%20new%20'PickOne'%20question%20to%20lesson%20'HT6ALzbbAHcE'
17%2F06%2F2025#05%3A00#Akari%20Hnin#mktEQEYhdWdf#Question#Added%20new%20'Match'%20question%20to%20lesson%20'HT6ALzbbAHcE'
17%2F06%2F2025#04%3A59#Akari%20Hnin#8DZ7fmd2Ly0S#Question#Added%20new%20'PickOne'%20question%20to%20lesson%20'HT6ALzbbAHcE'
17%2F06%2F2025#04%3A57#Akari%20Hnin#U3uKZxX3lJZN#Question#Added%20new%20'FlashCard'%20question%20to%20lesson%20'HT6ALzbbAHcE'
17%2F06%2F2025#04%3A56#Akari%20Hnin#D82OxNQTCAY2#Question#Added%20new%20'FlashCard'%20question%20to%20lesson%20'HT6ALzbbAHcE'
17%2F06%2F2025#04%3A55#Akari%20Hnin#SzeFhcCrT7lt#Question#Deleted%20question%20'SzeFhcCrT7lt'%20from%20lesson%20'HT6ALzbbAHcE'
17%2F06%2F2025#04%3A55#Akari%20Hnin#SzeFhcCrT7lt#Question#Added%20new%20'FlashCard'%20question%20to%20lesson%20'HT6ALzbbAHcE'
17%2F06%2F2025#04%3A53#Akari%20Hnin#ngd5POiLBFfJ#Question#Added%20new%20'PickWords'%20question%20to%20lesson%20'HT6ALzbbAHcE'
17%2F06%2F2025#04%3A52#Akari%20Hnin#dMmJsI72jgxR#Question#Deleted%20question%20'dMmJsI72jgxR'%20from%20lesson%20'HT6ALzbbAHcE'
17%2F06%2F2025#04%3A52#Akari%20Hnin#dMmJsI72jgxR#Question#Added%20new%20'FlashCard'%20question%20to%20lesson%20'HT6ALzbbAHcE'
17%2F06%2F2025#04%3A52#Akari%20Hnin#h6WSercpY5L4-c.mp3#Audio#Saved%20audio%20file%20'h6WSercpY5L4-c.mp3'
17%2F06%2F2025#04%3A52#Akari%20Hnin#h6WSercpY5L4-b.mp3#Audio#Saved%20audio%20file%20'h6WSercpY5L4-b.mp3'
17%2F06%2F2025#04%3A51#Akari%20Hnin#h6WSercpY5L4-a.mp3#Audio#Saved%20audio%20file%20'h6WSercpY5L4-a.mp3'
17%2F06%2F2025#04%3A51#Akari%20Hnin#h6WSercpY5L4#Question#Added%20new%20'PickOneAudio'%20question%20to%20lesson%20'HT6ALzbbAHcE'
17%2F06%2F2025#04%3A50#Akari%20Hnin#fniyfcYWZ4Ip#Question#Added%20new%20'FlashCard'%20question%20to%20lesson%20'HT6ALzbbAHcE'
17%2F06%2F2025#04%3A49#Akari%20Hnin#lkqVpquJycz3#Question#Added%20new%20'FlashCard'%20question%20to%20lesson%20'HT6ALzbbAHcE'
17%2F06%2F2025#04%3A48#Akari%20Hnin#G5C22UPhE7h3q6KOA7.mp3#Audio#Saved%20audio%20file%20'G5C22UPhE7h3q6KOA7.mp3'
17%2F06%2F2025#04%3A48#Akari%20Hnin#pBHkGEfhEz4B0K5JOg.mp3#Audio#Saved%20audio%20file%20'pBHkGEfhEz4B0K5JOg.mp3'
17%2F06%2F2025#04%3A47#Akari%20Hnin#audio_match_id2.mp3#Audio#Saved%20audio%20file%20'audio_match_id2.mp3'
17%2F06%2F2025#04%3A46#Akari%20Hnin#audio_match_id1.mp3#Audio#Saved%20audio%20file%20'audio_match_id1.mp3'
17%2F06%2F2025#04%3A42#Akari%20Hnin#cY9dXj8QAHTx.mp3#Audio#Saved%20audio%20file%20'cY9dXj8QAHTx.mp3'
17%2F06%2F2025#04%3A37#Akari%20Hnin#TW0FMxRNvijh#Question#Added%20new%20'AudioMatch'%20question%20to%20lesson%20'HT6ALzbbAHcE'
17%2F06%2F2025#04%3A37#Akari%20Hnin#cY9dXj8QAHTx#Question#Added%20new%20'FlashCard'%20question%20to%20lesson%20'HT6ALzbbAHcE'
17%2F06%2F2025#04%3A37#Akari%20Hnin#N2f636Peq5oy#Question#Deleted%20question%20'N2f636Peq5oy'%20from%20lesson%20'HT6ALzbbAHcE'
17%2F06%2F2025#04%3A36#Akari%20Hnin#N2f636Peq5oy#Question#Added%20new%20'SpellingPick'%20question%20to%20lesson%20'HT6ALzbbAHcE'
17%2F06%2F2025#04%3A35#Akari%20Hnin#GQaFnfmNVOzL.mp3#Audio#Saved%20audio%20file%20'GQaFnfmNVOzL.mp3'
17%2F06%2F2025#04%3A32#Akari%20Hnin#000000000000#Project#Updated%20project%20metadata
17%2F06%2F2025#04%3A31#Akari%20Hnin#t3DdCpm2WbsK#Question#Deleted%20question%20't3DdCpm2WbsK'%20from%20lesson%20'HT6ALzbbAHcE'
17%2F06%2F2025#04%3A31#Akari%20Hnin#i0McOBXitiGl#Skill#Updated%20skill%20'The%20Consonants'%20details
17%2F06%2F2025#04%3A30#Akari%20Hnin#i0McOBXitiGl#Skill#Updated%20skill%20'The%20Consonants'%20details
17%2F06%2F2025#04%3A30#Akari%20Hnin#i0McOBXitiGl#Skill#Updated%20skill%20'The%20Consonants'%20details
17%2F06%2F2025#04%3A30#Akari%20Hnin#i0McOBXitiGl#Skill#Updated%20skill%20'The%20Consonants'%20details
17%2F06%2F2025#04%3A30#Akari%20Hnin#i0McOBXitiGl#Skill#Updated%20skill%20'The%20Consonants'%20details
17%2F06%2F2025#04%3A29#Akari%20Hnin#i0McOBXitiGl#Skill#Updated%20skill%20'The%20Consonants'%20details
17%2F06%2F2025#04%3A29#Akari%20Hnin#i0McOBXitiGl#Skill#Updated%20skill%20'The%20Consonants'%20details
17%2F06%2F2025#04%3A29#Akari%20Hnin#i0McOBXitiGl#Skill#Updated%20skill%20'The%20Consonants'%20details
17%2F06%2F2025#04%3A29#Akari%20Hnin#i0McOBXitiGl#Skill#Updated%20skill%20'The%20Consonants'%20details
17%2F06%2F2025#04%3A28#Akari%20Hnin#000000000000#Project#Updated%20project%20metadata
17%2F06%2F2025#04%3A28#Akari%20Hnin#000000000000#Project#Updated%20project%20metadata
17%2F06%2F2025#04%3A28#Akari%20Hnin#000000000000#Project#Created%20new%20project%20'Burmese'